<html>
<body>
<pre>
<h1>µVision Build Log</h1>
<h2>Tool Versions:</h2>
IDE-Version: ¦ÌVision V5.14.2
Copyright (C) 2015 ARM Ltd and ARM Germany GmbH. All rights reserved.
License Information: Cortex-M3, l, LIC=UJWP0-BRUSW-2Z2W4-FL1CI-H4EU5-6ZST8
 
Tool Versions:
Toolchain:       MDK-ARM Standard  Version: 5.21a
Toolchain Path:  D:\Keil_v5\ARM\ARMCC\Bin
C Compiler:      Armcc.exe V5.06 update 3 (build 300)
Assembler:       Armasm.exe V5.06 update 3 (build 300)
Linker/Locator:  ArmLink.exe V5.06 update 3 (build 300)
Library Manager: ArmAr.exe V5.06 update 3 (build 300)
Hex Converter:   FromElf.exe V5.06 update 3 (build 300)
CPU DLL:         SARMCM3.DLL V5.21a
Dialog DLL:      DCM.DLL V1.13.8.0
Target DLL:      STLink\ST-LINKIII-KEIL_SWO.dll V2.0.18.0
Dialog DLL:      TCM.DLL V1.14.14.0
 
<h2>Project:</h2>
D:\BaiduNetdiskDownload\ÖÇÄÜ´°Á±\Curtain Version1.2B\Project\EXTI.uvprojx
Project File Date:  06/18/2023

<h2>Output:</h2>
*** Using Compiler 'V5.06 update 3 (build 300)', folder: 'D:\Keil_v5\ARM\ARMCC\Bin'
Build target 'Target 1'
assembling startup_stm32f10x_hd.s...
compiling core_cm3.c...
compiling system_stm32f10x.c...
compiling misc.c...
compiling stm32f10x_adc.c...
compiling stm32f10x_bkp.c...
compiling stm32f10x_can.c...
compiling stm32f10x_cec.c...
compiling stm32f10x_crc.c...
compiling stm32f10x_dac.c...
compiling stm32f10x_dbgmcu.c...
compiling stm32f10x_dma.c...
compiling stm32f10x_exti.c...
compiling stm32f10x_flash.c...
compiling stm32f10x_fsmc.c...
compiling stm32f10x_gpio.c...
compiling stm32f10x_i2c.c...
compiling stm32f10x_iwdg.c...
compiling stm32f10x_pwr.c...
compiling stm32f10x_rcc.c...
compiling stm32f10x_rtc.c...
compiling stm32f10x_sdio.c...
compiling stm32f10x_spi.c...
compiling stm32f10x_tim.c...
compiling stm32f10x_usart.c...
compiling stm32f10x_wwdg.c...
compiling main.c...
..\User\fun\fun.h(31): warning:  #1-D: last line of file ends without a newline
  #endif  /* __FUN_H*/
..\User\led\main.c: 1 warning, 0 errors
compiling bsp_led.c...
compiling stm32f10x_it.c...
compiling bsp_exti.c...
compiling bsp_systick.c...
..\User\systick\bsp_systick.c(27): warning:  #1-D: last line of file ends without a newline
  }     
..\User\systick\bsp_systick.c: 1 warning, 0 errors
compiling OLED_I2C.c...
compiling delay.c...
compiling bsp_tim.c...
compiling bsp_bh1750.c...
compiling bsp_motor.c...
compiling bsp_usart.c...
compiling bsp_dht11.c...
compiling bsp_key.c...
compiling fun.c...
..\User\fun\fun.h(31): warning:  #1-D: last line of file ends without a newline
  #endif  /* __FUN_H*/
..\User\fun\fun.c(221): warning:  #1-D: last line of file ends without a newline
        
..\User\fun\fun.c: 2 warnings, 0 errors
compiling beeper.c...
linking...
Program Size: Code=13604 RO-data=2408 RW-data=2748 ZI-data=1036  
FromELF: creating hex file...
".\Objects\1dayu.axf" - 0 Error(s), 4 Warning(s).

<h2>Collection of Component include folders:</h2>
  D:\BaiduNetdiskDownload\ÖÇÄÜ´°Á±\Curtain Version1.2B\Project\RTE
  D:\Keil_v5\ARM\PACK\Keil\STM32F1xx_DFP\2.0.0\Device\Include

<h2>Collection of Component Files used:</h2>
</pre>
</body>
</html>
