Component: ARM Compiler 5.06 update 3 (build 300) Tool: armlink [4d35c9]

==============================================================================

Section Cross References

    startup_stm32f10x_hd.o(RESET) refers to startup_stm32f10x_hd.o(STACK) for __initial_sp
    startup_stm32f10x_hd.o(RESET) refers to startup_stm32f10x_hd.o(.text) for Reset_Handler
    startup_stm32f10x_hd.o(RESET) refers to stm32f10x_it.o(i.NMI_Handler) for NMI_Handler
    startup_stm32f10x_hd.o(RESET) refers to stm32f10x_it.o(i.HardFault_Handler) for HardFault_Handler
    startup_stm32f10x_hd.o(RESET) refers to stm32f10x_it.o(i.MemManage_Handler) for MemManage_Handler
    startup_stm32f10x_hd.o(RESET) refers to stm32f10x_it.o(i.BusFault_Handler) for BusFault_Handler
    startup_stm32f10x_hd.o(RESET) refers to stm32f10x_it.o(i.UsageFault_Handler) for UsageFault_Handler
    startup_stm32f10x_hd.o(RESET) refers to stm32f10x_it.o(i.SVC_Handler) for SVC_Handler
    startup_stm32f10x_hd.o(RESET) refers to stm32f10x_it.o(i.DebugMon_Handler) for DebugMon_Handler
    startup_stm32f10x_hd.o(RESET) refers to stm32f10x_it.o(i.PendSV_Handler) for PendSV_Handler
    startup_stm32f10x_hd.o(RESET) refers to stm32f10x_it.o(i.SysTick_Handler) for SysTick_Handler
    startup_stm32f10x_hd.o(RESET) refers to usart.o(i.USART1_IRQHandler) for USART1_IRQHandler
    startup_stm32f10x_hd.o(RESET) refers to esp8266.o(i.USART2_IRQHandler) for USART2_IRQHandler
    startup_stm32f10x_hd.o(RESET) refers to stm32f10x_it.o(i.EXTI15_10_IRQHandler) for EXTI15_10_IRQHandler
    startup_stm32f10x_hd.o(.text) refers to system_stm32f10x.o(i.SystemInit) for SystemInit
    startup_stm32f10x_hd.o(.text) refers to entry.o(.ARM.Collect$$$$00000000) for __main
    system_stm32f10x.o(i.SetSysClock) refers to system_stm32f10x.o(i.SetSysClockTo72) for SetSysClockTo72
    system_stm32f10x.o(i.SystemCoreClockUpdate) refers to system_stm32f10x.o(.data) for SystemCoreClock
    system_stm32f10x.o(i.SystemInit) refers to system_stm32f10x.o(i.SetSysClock) for SetSysClock
    stm32f10x_adc.o(i.ADC_DeInit) refers to stm32f10x_rcc.o(i.RCC_APB2PeriphResetCmd) for RCC_APB2PeriphResetCmd
    stm32f10x_bkp.o(i.BKP_DeInit) refers to stm32f10x_rcc.o(i.RCC_BackupResetCmd) for RCC_BackupResetCmd
    stm32f10x_can.o(i.CAN_DeInit) refers to stm32f10x_rcc.o(i.RCC_APB1PeriphResetCmd) for RCC_APB1PeriphResetCmd
    stm32f10x_can.o(i.CAN_GetITStatus) refers to stm32f10x_can.o(i.CheckITStatus) for CheckITStatus
    stm32f10x_cec.o(i.CEC_DeInit) refers to stm32f10x_rcc.o(i.RCC_APB1PeriphResetCmd) for RCC_APB1PeriphResetCmd
    stm32f10x_dac.o(i.DAC_DeInit) refers to stm32f10x_rcc.o(i.RCC_APB1PeriphResetCmd) for RCC_APB1PeriphResetCmd
    stm32f10x_flash.o(i.FLASH_EnableWriteProtection) refers to stm32f10x_flash.o(i.FLASH_WaitForLastOperation) for FLASH_WaitForLastOperation
    stm32f10x_flash.o(i.FLASH_EraseAllBank1Pages) refers to stm32f10x_flash.o(i.FLASH_WaitForLastBank1Operation) for FLASH_WaitForLastBank1Operation
    stm32f10x_flash.o(i.FLASH_EraseAllPages) refers to stm32f10x_flash.o(i.FLASH_WaitForLastOperation) for FLASH_WaitForLastOperation
    stm32f10x_flash.o(i.FLASH_EraseOptionBytes) refers to stm32f10x_flash.o(i.FLASH_GetReadOutProtectionStatus) for FLASH_GetReadOutProtectionStatus
    stm32f10x_flash.o(i.FLASH_EraseOptionBytes) refers to stm32f10x_flash.o(i.FLASH_WaitForLastOperation) for FLASH_WaitForLastOperation
    stm32f10x_flash.o(i.FLASH_ErasePage) refers to stm32f10x_flash.o(i.FLASH_WaitForLastOperation) for FLASH_WaitForLastOperation
    stm32f10x_flash.o(i.FLASH_ProgramHalfWord) refers to stm32f10x_flash.o(i.FLASH_WaitForLastOperation) for FLASH_WaitForLastOperation
    stm32f10x_flash.o(i.FLASH_ProgramOptionByteData) refers to stm32f10x_flash.o(i.FLASH_WaitForLastOperation) for FLASH_WaitForLastOperation
    stm32f10x_flash.o(i.FLASH_ProgramWord) refers to stm32f10x_flash.o(i.FLASH_WaitForLastOperation) for FLASH_WaitForLastOperation
    stm32f10x_flash.o(i.FLASH_ReadOutProtection) refers to stm32f10x_flash.o(i.FLASH_WaitForLastOperation) for FLASH_WaitForLastOperation
    stm32f10x_flash.o(i.FLASH_UserOptionByteConfig) refers to stm32f10x_flash.o(i.FLASH_WaitForLastOperation) for FLASH_WaitForLastOperation
    stm32f10x_flash.o(i.FLASH_WaitForLastBank1Operation) refers to stm32f10x_flash.o(i.FLASH_GetBank1Status) for FLASH_GetBank1Status
    stm32f10x_flash.o(i.FLASH_WaitForLastOperation) refers to stm32f10x_flash.o(i.FLASH_GetBank1Status) for FLASH_GetBank1Status
    stm32f10x_gpio.o(i.GPIO_AFIODeInit) refers to stm32f10x_rcc.o(i.RCC_APB2PeriphResetCmd) for RCC_APB2PeriphResetCmd
    stm32f10x_gpio.o(i.GPIO_DeInit) refers to stm32f10x_rcc.o(i.RCC_APB2PeriphResetCmd) for RCC_APB2PeriphResetCmd
    stm32f10x_i2c.o(i.I2C_DeInit) refers to stm32f10x_rcc.o(i.RCC_APB1PeriphResetCmd) for RCC_APB1PeriphResetCmd
    stm32f10x_i2c.o(i.I2C_Init) refers to stm32f10x_rcc.o(i.RCC_GetClocksFreq) for RCC_GetClocksFreq
[...]
    i.BusFault_Handler                       0x08000d68   Section        0  stm32f10x_it.o(i.BusFault_Handler)
    i.DEBUG_LOG                              0x08000d6c   Section        0  usart.o(i.DEBUG_LOG)
    i.DHT11_Check                            0x08000dd8   Section        0  dht11.o(i.DHT11_Check)
    i.DHT11_Init                             0x08000e3c   Section        0  dht11.o(i.DHT11_Init)
    i.DHT11_Read_Bit                         0x08000e7c   Section        0  dht11.o(i.DHT11_Read_Bit)
    i.DHT11_Read_Byte                        0x08000ec8   Section        0  dht11.o(i.DHT11_Read_Byte)
    i.DHT11_Read_Data                        0x08000ee6   Section        0  dht11.o(i.DHT11_Read_Data)
    i.DHT11_Rst                              0x08000f54   Section        0  dht11.o(i.DHT11_Rst)
    i.DebugMon_Handler                       0x08000f94   Section        0  stm32f10x_it.o(i.DebugMon_Handler)
    i.DelayInit                              0x08000f98   Section        0  delay.o(i.DelayInit)
    i.DelayMs                                0x08000fdc   Section        0  delay.o(i.DelayMs)
    i.DelayS                                 0x08001028   Section        0  delay.o(i.DelayS)
    i.DelayUs                                0x08001044   Section        0  delay.o(i.DelayUs)
    i.ESP8266_Clear                          0x08001090   Section        0  esp8266.o(i.ESP8266_Clear)
    i.ESP8266_GetIPD                         0x080010ac   Section        0  esp8266.o(i.ESP8266_GetIPD)
    i.ESP8266_Init                           0x080010fc   Section        0  esp8266.o(i.ESP8266_Init)
    i.ESP8266_SendCmd                        0x0800145c   Section        0  esp8266.o(i.ESP8266_SendCmd)
    i.ESP8266_SendData                       0x080014b0   Section        0  esp8266.o(i.ESP8266_SendData)
    i.ESP8266_WaitRecive                     0x080014f8   Section        0  esp8266.o(i.ESP8266_WaitRecive)
    i.EXTI15_10_IRQHandler                   0x0800152c   Section        0  stm32f10x_it.o(i.EXTI15_10_IRQHandler)
    i.EXTI_ClearITPendingBit                 0x080015cc   Section        0  stm32f10x_exti.o(i.EXTI_ClearITPendingBit)
    i.EXTI_GetITStatus                       0x080015d8   Section        0  stm32f10x_exti.o(i.EXTI_GetITStatus)
    i.EXTI_Init                              0x08001600   Section        0  stm32f10x_exti.o(i.EXTI_Init)
    i.EXTI_Key_Config                        0x08001694   Section        0  bsp_exti.o(i.EXTI_Key_Config)
    i.EXTI_NVIC_Config                       0x080017d0   Section        0  bsp_exti.o(i.EXTI_NVIC_Config)
    EXTI_NVIC_Config                         0x080017d1   Thumb Code    38  bsp_exti.o(i.EXTI_NVIC_Config)
    i.GPIO_EXTILineConfig                    0x080017f8   Section        0  stm32f10x_gpio.o(i.GPIO_EXTILineConfig)
    i.GPIO_Init                              0x08001838   Section        0  stm32f10x_gpio.o(i.GPIO_Init)
    i.GPIO_ReadInputDataBit                  0x0800194e   Section        0  stm32f10x_gpio.o(i.GPIO_ReadInputDataBit)
    i.GPIO_ResetBits                         0x08001960   Section        0  stm32f10x_gpio.o(i.GPIO_ResetBits)
    i.GPIO_SetBits                           0x08001964   Section        0  stm32f10x_gpio.o(i.GPIO_SetBits)
    i.GPIO_WriteBit                          0x08001968   Section        0  stm32f10x_gpio.o(i.GPIO_WriteBit)
    i.HardFault_Handler                      0x08001972   Section        0  stm32f10x_it.o(i.HardFault_Handler)
    i.I2C_BH1750_GPIOConfig                  0x08001978   Section        0  bh1750.o(i.I2C_BH1750_GPIOConfig)
    I2C_BH1750_GPIOConfig                    0x08001979   Thumb Code    44  bh1750.o(i.I2C_BH1750_GPIOConfig)
    i.I2C_CheckEvent                         0x080019a8   Section        0  stm32f10x_i2c.o(i.I2C_CheckEvent)
    i.I2C_Cmd                                0x080019d2   Section        0  stm32f10x_i2c.o(i.I2C_Cmd)
    i.I2C_Configuration                      0x080019ec   Section        0  oled_i2c.o(i.I2C_Configuration)
    i.I2C_DeInit                             0x08001a68   Section        0  stm32f10x_i2c.o(i.I2C_DeInit)
    i.I2C_GenerateSTART                      0x08001aa0   Section        0  stm32f10x_i2c.o(i.I2C_GenerateSTART)
    i.I2C_GenerateSTOP                       0x08001ab8   Section        0  stm32f10x_i2c.o(i.I2C_GenerateSTOP)
    i.I2C_GetFlagStatus                      0x08001ad0   Section        0  stm32f10x_i2c.o(i.I2C_GetFlagStatus)
    i.I2C_Init                               0x08001b0c   Section        0  stm32f10x_i2c.o(i.I2C_Init)
    i.I2C_Send7bitAddress                    0x08001bf8   Section        0  stm32f10x_i2c.o(i.I2C_Send7bitAddress)
    i.I2C_SendData                           0x08001c0a   Section        0  stm32f10x_i2c.o(i.I2C_SendData)
    i.I2C_WriteByte                          0x08001c10   Section        0  oled_i2c.o(i.I2C_WriteByte)
    i.LED_Init                               0x08001c9c   Section        0  led.o(i.LED_Init)
    i.LIght_Intensity                        0x08001cf0   Section        0  bh1750.o(i.LIght_Intensity)
    i.MQTT_DeleteBuffer                      0x08001d14   Section        0  mqttkit.o(i.MQTT_DeleteBuffer)
    i.MQTT_DumpLength                        0x08001d30   Section        0  mqttkit.o(i.MQTT_DumpLength)
    i.MQTT_NewBuffer                         0x08001d5e   Section        0  mqttkit.o(i.MQTT_NewBuffer)
    i.MQTT_PacketConnect                     0x08001db8   Section        0  mqttkit.o(i.MQTT_PacketConnect)
    i.MQTT_PacketPublish                     0x08002058   Section        0  mqttkit.o(i.MQTT_PacketPublish)
    i.MQTT_PacketPublishComp                 0x080021fa   Section        0  mqttkit.o(i.MQTT_PacketPublishComp)
    i.MQTT_PacketPublishRel                  0x08002242   Section        0  mqttkit.o(i.MQTT_PacketPublishRel)
    i.MQTT_PacketSubscribe                   0x0800228a   Section        0  mqttkit.o(i.MQTT_PacketSubscribe)
    i.MQTT_ReadLength                        0x08002388   Section        0  mqttkit.o(i.MQTT_ReadLength)
    i.MQTT_UnPacketCmd                       0x080023ce   Section        0  mqttkit.o(i.MQTT_UnPacketCmd)
    i.MQTT_UnPacketConnectAck                0x0800245a   Section        0  mqttkit.o(i.MQTT_UnPacketConnectAck)
    i.MQTT_UnPacketPublish                   0x08002478   Section        0  mqttkit.o(i.MQTT_UnPacketPublish)
    i.MQTT_UnPacketPublishAck                0x08002638   Section        0  mqttkit.o(i.MQTT_UnPacketPublishAck)
    i.MQTT_UnPacketPublishComp               0x08002656   Section        0  mqttkit.o(i.MQTT_UnPacketPublishComp)
    i.MQTT_UnPacketPublishRec                0x08002674   Section        0  mqttkit.o(i.MQTT_UnPacketPublishRec)
    i.MQTT_UnPacketPublishRel                0x08002692   Section        0  mqttkit.o(i.MQTT_UnPacketPublishRel)
    i.MQTT_UnPacketRecv                      0x080026b8   Section        0  mqttkit.o(i.MQTT_UnPacketRecv)
    i.MQTT_UnPacketSubscribe                 0x0800272c   Section        0  mqttkit.o(i.MQTT_UnPacketSubscribe)
    i.MQTT_UnPacketUnSubscribe               0x08002760   Section        0  mqttkit.o(i.MQTT_UnPacketUnSubscribe)
    i.Manual                                 0x08002774   Section        0  fun.o(i.Manual)
    i.MemManage_Handler                      0x0800295c   Section        0  stm32f10x_it.o(i.MemManage_Handler)
    i.Motor_GPIO_Config                      0x08002960   Section        0  bsp_motor.o(i.Motor_GPIO_Config)
    i.NMI_Handler                            0x080029a4   Section        0  stm32f10x_it.o(i.NMI_Handler)
    i.NVIC_Init                              0x080029a8   Section        0  misc.o(i.NVIC_Init)
    i.NVIC_PriorityGroupConfig               0x08002a18   Section        0  misc.o(i.NVIC_PriorityGroupConfig)
    i.OLED_CLS                               0x08002a2c   Section        0  oled_i2c.o(i.OLED_CLS)
    i.OLED_Fill                              0x08002a36   Section        0  oled_i2c.o(i.OLED_Fill)
    i.OLED_Init                              0x08002a70   Section        0  oled_i2c.o(i.OLED_Init)
    i.OLED_SetPos                            0x08002b22   Section        0  oled_i2c.o(i.OLED_SetPos)
    i.OLED_ShowCN                            0x08002b4c   Section        0  oled_i2c.o(i.OLED_ShowCN)
    i.OLED_ShowStr                           0x08002ba0   Section        0  oled_i2c.o(i.OLED_ShowStr)
    i.OneNet_DevLink                         0x08002c8c   Section        0  onenet.o(i.OneNet_DevLink)
    i.OneNet_Publish                         0x08002edc   Section        0  onenet.o(i.OneNet_Publish)
    i.OneNet_RevPro                          0x08002f50   Section        0  onenet.o(i.OneNet_RevPro)
    i.OneNet_Subscribe                       0x08003394   Section        0  onenet.o(i.OneNet_Subscribe)
    i.PendSV_Handler                         0x080033fc   Section        0  stm32f10x_it.o(i.PendSV_Handler)
    i.RCC_APB1PeriphClockCmd                 0x08003400   Section        0  stm32f10x_rcc.o(i.RCC_APB1PeriphClockCmd)
    i.RCC_APB1PeriphResetCmd                 0x08003420   Section        0  stm32f10x_rcc.o(i.RCC_APB1PeriphResetCmd)
    i.RCC_APB2PeriphClockCmd                 0x08003440   Section        0  stm32f10x_rcc.o(i.RCC_APB2PeriphClockCmd)
    i.RCC_GetClocksFreq                      0x08003460   Section        0  stm32f10x_rcc.o(i.RCC_GetClocksFreq)
    i.SVC_Handler                            0x08003534   Section        0  stm32f10x_it.o(i.SVC_Handler)
    i.SetSysClock                            0x08003536   Section        0  system_stm32f10x.o(i.SetSysClock)
    SetSysClock                              0x08003537   Thumb Code     8  system_stm32f10x.o(i.SetSysClock)
    i.SetSysClockTo72                        0x08003540   Section        0  system_stm32f10x.o(i.SetSysClockTo72)
    SetSysClockTo72                          0x08003541   Thumb Code   214  system_stm32f10x.o(i.SetSysClockTo72)
    i.SysTick_CLKSourceConfig                0x08003620   Section        0  misc.o(i.SysTick_CLKSourceConfig)
    i.SysTick_Config                         0x08003648   Section        0  bsp_systick.o(i.SysTick_Config)
    SysTick_Config                           0x08003649   Thumb Code    76  bsp_systick.o(i.SysTick_Config)
    i.SysTick_Handler                        0x0800369c   Section        0  stm32f10x_it.o(i.SysTick_Handler)
    i.SysTicks_Delay_ms                      0x080036a0   Section        0  bsp_systick.o(i.SysTicks_Delay_ms)
    i.SystemInit                             0x080036dc   Section        0  system_stm32f10x.o(i.SystemInit)
    i.TIM_ClearFlag                          0x0800373c   Section        0  stm32f10x_tim.o(i.TIM_ClearFlag)
    i.TIM_Cmd                                0x08003742   Section        0  stm32f10x_tim.o(i.TIM_Cmd)
    i.TIM_ITConfig                           0x0800375a   Section        0  stm32f10x_tim.o(i.TIM_ITConfig)
    i.TIM_TimeBaseInit                       0x0800376c   Section        0  stm32f10x_tim.o(i.TIM_TimeBaseInit)
    i.USART1_IRQHandler                      0x08003810   Section        0  usart.o(i.USART1_IRQHandler)
    i.USART2_IRQHandler                      0x0800382c   Section        0  esp8266.o(i.USART2_IRQHandler)
    i.USART_ClearFlag                        0x08003878   Section        0  stm32f10x_usart.o(i.USART_ClearFlag)
    i.USART_Cmd                              0x0800388a   Section        0  stm32f10x_usart.o(i.USART_Cmd)
    i.USART_GetFlagStatus                    0x080038a2   Section        0  stm32f10x_usart.o(i.USART_GetFlagStatus)
    i.USART_GetITStatus                      0x080038bc   Section        0  stm32f10x_usart.o(i.USART_GetITStatus)
    i.USART_ITConfig                         0x08003910   Section        0  stm32f10x_usart.o(i.USART_ITConfig)
    i.USART_Init                             0x0800395c   Section        0  stm32f10x_usart.o(i.USART_Init)
    i.USART_SendData                         0x08003a34   Section        0  stm32f10x_usart.o(i.USART_SendData)
    i.UsageFault_Handler                     0x08003a3c   Section        0  stm32f10x_it.o(i.UsageFault_Handler)
    i.Usart1_Init                            0x08003a40   Section        0  usart.o(i.Usart1_Init)
    i.Usart2_Init                            0x08003af0   Section        0  usart.o(i.Usart2_Init)
    i.UsartPrintf                            0x08003b9c   Section        0  usart.o(i.UsartPrintf)
    i.Usart_SendString                       0x08003be4   Section        0  usart.o(i.Usart_SendString)
    i.WriteCmd                               0x08003c16   Section        0  oled_i2c.o(i.WriteCmd)
    i.WriteDat                               0x08003c24   Section        0  oled_i2c.o(i.WriteDat)
    i.__0sprintf                             0x08003c34   Section        0  printfa.o(i.__0sprintf)
    i.__0vsnprintf                           0x08003c5c   Section        0  printfa.o(i.__0vsnprintf)
    i.__ARM_fpclassify                       0x08003c88   Section        0  fpclassify.o(i.__ARM_fpclassify)
    i.__aeabi_errno_addr                     0x08003cb0   Section        0  errno.o(i.__aeabi_errno_addr)
    i.__kernel_poly                          0x08003cb8   Section        0  poly.o(i.__kernel_poly)
    i.__mathlib_dbl_divzero                  0x08003d64   Section        0  dunder.o(i.__mathlib_dbl_divzero)
    i.__mathlib_dbl_infnan2                  0x08003d74   Section        0  dunder.o(i.__mathlib_dbl_infnan2)
    i.__mathlib_dbl_invalid                  0x08003d78   Section        0  dunder.o(i.__mathlib_dbl_invalid)
    i.__mathlib_dbl_overflow                 0x08003d84   Section        0  dunder.o(i.__mathlib_dbl_overflow)
    i.__mathlib_dbl_underflow                0x08003d94   Section        0  dunder.o(i.__mathlib_dbl_underflow)
    i.__scatterload_copy                     0x08003da4   Section       14  handlers.o(i.__scatterload_copy)
    i.__scatterload_null                     0x08003db2   Section        2  handlers.o(i.__scatterload_null)
    i.__scatterload_zeroinit                 0x08003db4   Section       14  handlers.o(i.__scatterload_zeroinit)
    i.__set_errno                            0x08003dc4   Section        0  errno.o(i.__set_errno)
    i._fp_digits                             0x08003dd0   Section        0  printfa.o(i._fp_digits)
    _fp_digits                               0x08003dd1   Thumb Code   366  printfa.o(i._fp_digits)
    i._printf_core                           0x08003f54   Section        0  printfa.o(i._printf_core)
    _printf_core                             0x08003f55   Thumb Code  1744  printfa.o(i._printf_core)
    i._printf_post_padding                   0x08004630   Section        0  printfa.o(i._printf_post_padding)
    _printf_post_padding                     0x08004631   Thumb Code    36  printfa.o(i._printf_post_padding)
    i._printf_pre_padding                    0x08004654   Section        0  printfa.o(i._printf_pre_padding)
    _printf_pre_padding                      0x08004655   Thumb Code    46  printfa.o(i._printf_pre_padding)
    i._snputc                                0x08004682   Section        0  printfa.o(i._snputc)
    _snputc                                  0x08004683   Thumb Code    22  printfa.o(i._snputc)
    i._sputc                                 0x08004698   Section        0  printfa.o(i._sputc)
    _sputc                                   0x08004699   Thumb Code    10  printfa.o(i._sputc)
    i.automatic                              0x080046a4   Section        0  fun.o(i.automatic)
    i.beeperOnce                             0x080049fc   Section        0  beep.o(i.beeperOnce)
    i.cJSON_Delete                           0x08004a1c   Section        0  cjson.o(i.cJSON_Delete)
    i.cJSON_GetErrorPtr                      0x08004a74   Section        0  cjson.o(i.cJSON_GetErrorPtr)
    i.cJSON_GetObjectItem                    0x08004a80   Section        0  cjson.o(i.cJSON_GetObjectItem)
    i.cJSON_New_Item                         0x08004aa0   Section        0  cjson.o(i.cJSON_New_Item)
    cJSON_New_Item                           0x08004aa1   Thumb Code    26  cjson.o(i.cJSON_New_Item)
    i.cJSON_Parse                            0x08004ac0   Section        0  cjson.o(i.cJSON_Parse)
    i.cJSON_ParseWithOpts                    0x08004ad0   Section        0  cjson.o(i.cJSON_ParseWithOpts)
    i.cJSON_strcasecmp                       0x08004b34   Section        0  cjson.o(i.cJSON_strcasecmp)
    cJSON_strcasecmp                         0x08004b35   Thumb Code    76  cjson.o(i.cJSON_strcasecmp)
    i.free                                   0x08004b80   Section        0  malloc.o(i.free)
    i.i2c_Ack                                0x08004bd0   Section        0  bh1750.o(i.i2c_Ack)
    i.i2c_CheckDevice                        0x08004c08   Section        0  bh1750.o(i.i2c_CheckDevice)
    i.i2c_Delay                              0x08004c24   Section        0  bh1750.o(i.i2c_Delay)
    i2c_Delay                                0x08004c25   Thumb Code    14  bh1750.o(i.i2c_Delay)
    i.i2c_NAck                               0x08004c34   Section        0  bh1750.o(i.i2c_NAck)
    i.i2c_ReadByte                           0x08004c64   Section        0  bh1750.o(i.i2c_ReadByte)
    i.i2c_SendByte                           0x08004cac   Section        0  bh1750.o(i.i2c_SendByte)
    i.i2c_Start                              0x08004d08   Section        0  bh1750.o(i.i2c_Start)
    i.i2c_Stop                               0x08004d3c   Section        0  bh1750.o(i.i2c_Stop)
    i.i2c_WaitAck                            0x08004d60   Section        0  bh1750.o(i.i2c_WaitAck)
    i.main                                   0x08004da4   Section        0  main.o(i.main)
    i.malloc                                 0x08005028   Section        0  malloc.o(i.malloc)
    i.motor_ccw                              0x08005094   Section        0  bsp_motor.o(i.motor_ccw)
    i.motor_cw                               0x080051f4   Section        0  bsp_motor.o(i.motor_cw)
    i.parse_array                            0x08005354   Section        0  cjson.o(i.parse_array)
    parse_array                              0x08005355   Thumb Code   166  cjson.o(i.parse_array)
    i.parse_hex4                             0x08005400   Section        0  cjson.o(i.parse_hex4)
    parse_hex4                               0x08005401   Thumb Code   276  cjson.o(i.parse_hex4)
    i.parse_number                           0x08005514   Section        0  cjson.o(i.parse_number)
    parse_number                             0x08005515   Thumb Code   432  cjson.o(i.parse_number)
    i.parse_object                           0x080056d0   Section        0  cjson.o(i.parse_object)
    parse_object                             0x080056d1   Thumb Code   270  cjson.o(i.parse_object)
    i.parse_string                           0x080057e4   Section        0  cjson.o(i.parse_string)
    parse_string                             0x080057e5   Thumb Code   448  cjson.o(i.parse_string)
    i.parse_value                            0x080059b0   Section        0  cjson.o(i.parse_value)
    parse_value                              0x080059b1   Thumb Code   158  cjson.o(i.parse_value)
    i.pow                                    0x08005a6c   Section        0  pow.o(i.pow)
    i.skip                                   0x08006444   Section        0  cjson.o(i.skip)
    skip                                     0x08006445   Thumb Code    18  cjson.o(i.skip)
    i.sqrt                                   0x08006456   Section        0  sqrt.o(i.sqrt)
    .constdata                               0x080064a2   Section       18  main.o(.constdata)
    .constdata                               0x080064b4   Section     2072  oled_i2c.o(.constdata)
    .constdata                               0x08006ccc   Section        7  cjson.o(.constdata)
    firstByteMark                            0x08006ccc   Data           7  cjson.o(.constdata)
    .constdata                               0x08006cd8   Section      136  pow.o(.constdata)
    bp                                       0x08006cd8   Data          16  pow.o(.constdata)
    dp_h                                     0x08006ce8   Data          16  pow.o(.constdata)
    dp_l                                     0x08006cf8   Data          16  pow.o(.constdata)
    L                                        0x08006d08   Data          48  pow.o(.constdata)
    P                                        0x08006d38   Data          40  pow.o(.constdata)
    .constdata                               0x08006d60   Section        8  qnan.o(.constdata)
    .constdata                               0x08006d68   Section      129  ctype_o.o(.constdata)
    .constdata                               0x08006dec   Section        4  ctype_o.o(.constdata)
    table                                    0x08006dec   Data           4  ctype_o.o(.constdata)
    .conststring                             0x08006df0   Section      177  main.o(.conststring)
    .conststring                             0x08006ea4   Section       81  fun.o(.conststring)
    .data                                    0x20000000   Section       20  system_stm32f10x.o(.data)
    .data                                    0x20000014   Section       20  stm32f10x_rcc.o(.data)
    APBAHBPrescTable                         0x20000014   Data          16  stm32f10x_rcc.o(.data)
    ADCPrescTable                            0x20000024   Data           4  stm32f10x_rcc.o(.data)
    .data                                    0x20000028   Section       26  main.o(.data)
    lineNow                                  0x20000041   Data           1  main.o(.data)
    .data                                    0x20000042   Section     2624  oled_i2c.o(.data)
    .data                                    0x20000a82   Section        4  delay.o(.data)
    fac_us                                   0x20000a82   Data           1  delay.o(.data)
    fac_ms                                   0x20000a84   Data           2  delay.o(.data)
    .data                                    0x20000a88   Section       25  fun.o(.data)
    .data                                    0x20000aa2   Section        2  onenet.o(.data)
    pkt_id                                   0x20000aa2   Data           2  onenet.o(.data)
    .data                                    0x20000aa4   Section        4  esp8266.o(.data)
    .data                                    0x20000aa8   Section       12  cjson.o(.data)
    ep                                       0x20000aa8   Data           4  cjson.o(.data)
    cJSON_malloc                             0x20000aac   Data           4  cjson.o(.data)
    cJSON_free                               0x20000ab0   Data           4  cjson.o(.data)
    .data                                    0x20000ab4   Section        4  mvars.o(.data)
    .data                                    0x20000ab8   Section        4  mvars.o(.data)
    .data                                    0x20000abc   Section        4  errno.o(.data)
    _errno                                   0x20000abc   Data           4  errno.o(.data)
    .bss                                     0x20000ac0   Section      256  main.o(.bss)
    .bss                                     0x20000bc0   Section       20  fun.o(.bss)
    .bss                                     0x20000bd4   Section     1024  esp8266.o(.bss)
    HEAP                                     0x20000fd8   Section      512  startup_stm32f10x_hd.o(HEAP)
    STACK                                    0x200011d8   Section     1024  startup_stm32f10x_hd.o(STACK)

    Global Symbols

    Symbol Name                              Value     Ov Type        Size  Object(Section)

    BuildAttributes$$THM_ISAv4$P$D$K$B$S$PE$A:L22UL41UL21$X:L11$S22US41US21$IEEE1$IW$USESV6$~STKCKD$USESV7$~SHL$OTIME$ROPI$IEEEX$EBA8$MICROLIB$REQ8$PRES8$EABIv2 0x00000000   Number         0  anon$$obj.o ABSOLUTE
    __ARM_use_no_argv                        0x00000000   Number         0  main.o ABSOLUTE
    _printf_a                                0x00000000   Number         0  stubs.o ABSOLUTE
    _printf_c                                0x00000000   Number         0  stubs.o ABSOLUTE
    _printf_charcount                        0x00000000   Number         0  stubs.o ABSOLUTE
    _printf_d                                0x00000000   Number         0  stubs.o ABSOLUTE
    _printf_e                                0x00000000   Number         0  stubs.o ABSOLUTE
    _printf_f                                0x00000000   Number         0  stubs.o ABSOLUTE
    _printf_flags                            0x00000000   Number         0  stubs.o ABSOLUTE
    _printf_fp_dec                           0x00000000   Number         0  stubs.o ABSOLUTE
    _printf_fp_hex                           0x00000000   Number         0  stubs.o ABSOLUTE
    _printf_g                                0x00000000   Number         0  stubs.o ABSOLUTE
    _printf_i                                0x00000000   Number         0  stubs.o ABSOLUTE
    _printf_int_dec                          0x00000000   Number         0  stubs.o ABSOLUTE
    _printf_l                                0x00000000   Number         0  stubs.o ABSOLUTE
    _printf_lc                               0x00000000   Number         0  stubs.o ABSOLUTE
    _printf_ll                               0x00000000   Number         0  stubs.o ABSOLUTE
    _printf_lld                              0x00000000   Number         0  stubs.o ABSOLUTE
    _printf_lli                              0x00000000   Number         0  stubs.o ABSOLUTE
    _printf_llo                              0x00000000   Number         0  stubs.o ABSOLUTE
    _printf_llu                              0x00000000   Number         0  stubs.o ABSOLUTE
    _printf_llx                              0x00000000   Number         0  stubs.o ABSOLUTE
    _printf_longlong_dec                     0x00000000   Number         0  stubs.o ABSOLUTE
    _printf_longlong_hex                     0x00000000   Number         0  stubs.o ABSOLUTE
    _printf_longlong_oct                     0x00000000   Number         0  stubs.o ABSOLUTE
    _printf_ls                               0x00000000   Number         0  stubs.o ABSOLUTE
    _printf_mbtowc                           0x00000000   Number         0  stubs.o ABSOLUTE
    _printf_n                                0x00000000   Number         0  stubs.o ABSOLUTE
    _printf_o                                0x00000000   Number         0  stubs.o ABSOLUTE
    _printf_p                                0x00000000   Number         0  stubs.o ABSOLUTE
    _printf_percent                          0x00000000   Number         0  stubs.o ABSOLUTE
    _printf_pre_padding                      0x00000000   Number         0  stubs.o ABSOLUTE
    _printf_return_value                     0x00000000   Number         0  stubs.o ABSOLUTE
    _printf_s                                0x00000000   Number         0  stubs.o ABSOLUTE
    _printf_sizespec                         0x00000000   Number         0  stubs.o ABSOLUTE
    _printf_str                              0x00000000   Number         0  stubs.o ABSOLUTE
    _printf_truncate_signed                  0x00000000   Number         0  stubs.o ABSOLUTE
    _printf_truncate_unsigned                0x00000000   Number         0  stubs.o ABSOLUTE
    _printf_u                                0x00000000   Number         0  stubs.o ABSOLUTE
    _printf_wc                               0x00000000   Number         0  stubs.o ABSOLUTE
    _printf_wctomb                           0x00000000   Number         0  stubs.o ABSOLUTE
    _printf_widthprec                        0x00000000   Number         0  stubs.o ABSOLUTE
    _printf_x                                0x00000000   Number         0  stubs.o ABSOLUTE
    __cpp_initialize__aeabi_                  - Undefined Weak Reference
    __cxa_finalize                            - Undefined Weak Reference
    _clock_init                               - Undefined Weak Reference
    _microlib_exit                            - Undefined Weak Reference
    __Vectors_Size                           0x00000130   Number         0  startup_stm32f10x_hd.o ABSOLUTE
    __Vectors                                0x08000000   Data           4  startup_stm32f10x_hd.o(RESET)
    __Vectors_End                            0x08000130   Data           0  startup_stm32f10x_hd.o(RESET)
    __main                                   0x08000131   Thumb Code     0  entry.o(.ARM.Collect$$$$00000000)
    _main_stk                                0x08000131   Thumb Code     0  entry2.o(.ARM.Collect$$$$00000001)
    _main_scatterload                        0x08000135   Thumb Code     0  entry5.o(.ARM.Collect$$$$00000004)
    __main_after_scatterload                 0x08000139   Thumb Code     0  entry5.o(.ARM.Collect$$$$00000004)
    _main_clock                              0x08000139   Thumb Code     0  entry7b.o(.ARM.Collect$$$$00000008)
    _main_cpp_init                           0x08000139   Thumb Code     0  entry8b.o(.ARM.Collect$$$$0000000A)
    _main_init                               0x08000139   Thumb Code     0  entry9a.o(.ARM.Collect$$$$0000000B)
    __rt_final_cpp                           0x08000141   Thumb Code     0  entry10a.o(.ARM.Collect$$$$0000000D)
    __rt_final_exit                          0x08000141   Thumb Code     0  entry11a.o(.ARM.Collect$$$$0000000F)
    Reset_Handler                            0x08000145   Thumb Code     8  startup_stm32f10x_hd.o(.text)
    ADC1_2_IRQHandler                        0x0800015f   Thumb Code     0  startup_stm32f10x_hd.o(.text)
    ADC3_IRQHandler                          0x0800015f   Thumb Code     0  startup_stm32f10x_hd.o(.text)
    CAN1_RX1_IRQHandler                      0x0800015f   Thumb Code     0  startup_stm32f10x_hd.o(.text)
    CAN1_SCE_IRQHandler                      0x0800015f   Thumb Code     0  startup_stm32f10x_hd.o(.text)
    DMA1_Channel1_IRQHandler                 0x0800015f   Thumb Code     0  startup_stm32f10x_hd.o(.text)
    DMA1_Channel2_IRQHandler                 0x0800015f   Thumb Code     0  startup_stm32f10x_hd.o(.text)
    DMA1_Channel3_IRQHandler                 0x0800015f   Thumb Code     0  startup_stm32f10x_hd.o(.text)
    DMA1_Channel4_IRQHandler                 0x0800015f   Thumb Code     0  startup_stm32f10x_hd.o(.text)
    DMA1_Channel5_IRQHandler                 0x0800015f   Thumb Code     0  startup_stm32f10x_hd.o(.text)
    DMA1_Channel6_IRQHandler                 0x0800015f   Thumb Code     0  startup_stm32f10x_hd.o(.text)
    DMA1_Channel7_IRQHandler                 0x0800015f   Thumb Code     0  startup_stm32f10x_hd.o(.text)
    DMA2_Channel1_IRQHandler                 0x0800015f   Thumb Code     0  startup_stm32f10x_hd.o(.text)
    DMA2_Channel2_IRQHandler                 0x0800015f   Thumb Code     0  startup_stm32f10x_hd.o(.text)
    DMA2_Channel3_IRQHandler                 0x0800015f   Thumb Code     0  startup_stm32f10x_hd.o(.text)
    DMA2_Channel4_5_IRQHandler               0x0800015f   Thumb Code     0  startup_stm32f10x_hd.o(.text)
    EXTI0_IRQHandler                         0x0800015f   Thumb Code     0  startup_stm32f10x_hd.o(.text)
    EXTI1_IRQHandler                         0x0800015f   Thumb Code     0  startup_stm32f10x_hd.o(.text)
    EXTI2_IRQHandler                         0x0800015f   Thumb Code     0  startup_stm32f10x_hd.o(.text)
    EXTI3_IRQHandler                         0x0800015f   Thumb Code     0  startup_stm32f10x_hd.o(.text)
    EXTI4_IRQHandler                         0x0800015f   Thumb Code     0  startup_stm32f10x_hd.o(.text)
    EXTI9_5_IRQHandler                       0x0800015f   Thumb Code     0  startup_stm32f10x_hd.o(.text)
    FLASH_IRQHandler                         0x0800015f   Thumb Code     0  startup_stm32f10x_hd.o(.text)
    FSMC_IRQHandler                          0x0800015f   Thumb Code     0  startup_stm32f10x_hd.o(.text)
    I2C1_ER_IRQHandler                       0x0800015f   Thumb Code     0  startup_stm32f10x_hd.o(.text)
    I2C1_EV_IRQHandler                       0x0800015f   Thumb Code     0  startup_stm32f10x_hd.o(.text)
    I2C2_ER_IRQHandler                       0x0800015f   Thumb Code     0  startup_stm32f10x_hd.o(.text)
    I2C2_EV_IRQHandler                       0x0800015f   Thumb Code     0  startup_stm32f10x_hd.o(.text)
    PVD_IRQHandler                           0x0800015f   Thumb Code     0  startup_stm32f10x_hd.o(.text)
    RCC_IRQHandler                           0x0800015f   Thumb Code     0  startup_stm32f10x_hd.o(.text)
    RTCAlarm_IRQHandler                      0x0800015f   Thumb Code     0  startup_stm32f10x_hd.o(.text)
    RTC_IRQHandler                           0x0800015f   Thumb Code     0  startup_stm32f10x_hd.o(.text)
    SDIO_IRQHandler                          0x0800015f   Thumb Code     0  startup_stm32f10x_hd.o(.text)
    SPI1_IRQHandler                          0x0800015f   Thumb Code     0  startup_stm32f10x_hd.o(.text)
    SPI2_IRQHandler                          0x0800015f   Thumb Code     0  startup_stm32f10x_hd.o(.text)
    SPI3_IRQHandler                          0x0800015f   Thumb Code     0  startup_stm32f10x_hd.o(.text)
    TAMPER_IRQHandler                        0x0800015f   Thumb Code     0  startup_stm32f10x_hd.o(.text)
    TIM1_BRK_IRQHandler                      0x0800015f   Thumb Code     0  startup_stm32f10x_hd.o(.text)
    TIM1_CC_IRQHandler                       0x0800015f   Thumb Code     0  startup_stm32f10x_hd.o(.text)
    TIM1_TRG_COM_IRQHandler                  0x0800015f   Thumb Code     0  startup_stm32f10x_hd.o(.text)
    TIM1_UP_IRQHandler                       0x0800015f   Thumb Code     0  startup_stm32f10x_hd.o(.text)
    TIM2_IRQHandler                          0x0800015f   Thumb Code     0  startup_stm32f10x_hd.o(.text)
    TIM3_IRQHandler                          0x0800015f   Thumb Code     0  startup_stm32f10x_hd.o(.text)
    TIM4_IRQHandler                          0x0800015f   Thumb Code     0  startup_stm32f10x_hd.o(.text)
    TIM5_IRQHandler                          0x0800015f   Thumb Code     0  startup_stm32f10x_hd.o(.text)
    TIM6_IRQHandler                          0x0800015f   Thumb Code     0  startup_stm32f10x_hd.o(.text)
    TIM7_IRQHandler                          0x0800015f   Thumb Code     0  startup_stm32f10x_hd.o(.text)
    TIM8_BRK_IRQHandler                      0x0800015f   Thumb Code     0  startup_stm32f10x_hd.o(.text)
    TIM8_CC_IRQHandler                       0x0800015f   Thumb Code     0  startup_stm32f10x_hd.o(.text)
    TIM8_TRG_COM_IRQHandler                  0x0800015f   Thumb Code     0  startup_stm32f10x_hd.o(.text)
    TIM8_UP_IRQHandler                       0x0800015f   Thumb Code     0  startup_stm32f10x_hd.o(.text)
    UART4_IRQHandler                         0x0800015f   Thumb Code     0  startup_stm32f10x_hd.o(.text)
    UART5_IRQHandler                         0x0800015f   Thumb Code     0  startup_stm32f10x_hd.o(.text)
    USART3_IRQHandler                        0x0800015f   Thumb Code     0  startup_stm32f10x_hd.o(.text)
    USBWakeUp_IRQHandler                     0x0800015f   Thumb Code     0  startup_stm32f10x_hd.o(.text)
    USB_HP_CAN1_TX_IRQHandler                0x0800015f   Thumb Code     0  startup_stm32f10x_hd.o(.text)
    USB_LP_CAN1_RX0_IRQHandler               0x0800015f   Thumb Code     0  startup_stm32f10x_hd.o(.text)
    WWDG_IRQHandler                          0x0800015f   Thumb Code     0  startup_stm32f10x_hd.o(.text)
    tolower                                  0x08000169   Thumb Code    12  tolower.o(.text)
    __aeabi_memcpy                           0x08000175   Thumb Code    36  memcpya.o(.text)
    __aeabi_memcpy4                          0x08000175   Thumb Code     0  memcpya.o(.text)
    __aeabi_memcpy8                          0x08000175   Thumb Code     0  memcpya.o(.text)
    __aeabi_memset                           0x08000199   Thumb Code    14  memseta.o(.text)
    __aeabi_memset4                          0x08000199   Thumb Code     0  memseta.o(.text)
    __aeabi_memset8                          0x08000199   Thumb Code     0  memseta.o(.text)
    __aeabi_memclr                           0x080001a7   Thumb Code     4  memseta.o(.text)
    __aeabi_memclr4                          0x080001a7   Thumb Code     0  memseta.o(.text)
    __aeabi_memclr8                          0x080001a7   Thumb Code     0  memseta.o(.text)
    _memset$wrapper                          0x080001ab   Thumb Code    18  memseta.o(.text)
    strstr                                   0x080001bd   Thumb Code    36  strstr.o(.text)
    strchr                                   0x080001e1   Thumb Code    20  strchr.o(.text)
    strlen                                   0x080001f5   Thumb Code    14  strlen.o(.text)
    strncat                                  0x08000203   Thumb Code    40  strncat.o(.text)
    strncmp                                  0x0800022b   Thumb Code    30  strncmp.o(.text)
    atoi                                     0x08000249   Thumb Code    26  atoi.o(.text)
    __aeabi_fmul                             0x08000263   Thumb Code   100  fmul.o(.text)
    __aeabi_fdiv                             0x080002c7   Thumb Code   124  fdiv.o(.text)
    __aeabi_dadd                             0x08000343   Thumb Code   322  dadd.o(.text)
    __aeabi_dsub                             0x08000485   Thumb Code     6  dadd.o(.text)
    __aeabi_drsub                            0x0800048b   Thumb Code     6  dadd.o(.text)
    __aeabi_dmul                             0x08000491   Thumb Code   228  dmul.o(.text)
    __aeabi_i2f                              0x08000575   Thumb Code    18  fflti.o(.text)
    __aeabi_ui2f                             0x08000587   Thumb Code    10  ffltui.o(.text)
    __aeabi_i2d                              0x08000591   Thumb Code    34  dflti.o(.text)
    __aeabi_d2iz                             0x080005b3   Thumb Code    62  dfixi.o(.text)
    __aeabi_d2uiz                            0x080005f1   Thumb Code    50  dfixui.o(.text)
    __aeabi_f2d                              0x08000623   Thumb Code    38  f2d.o(.text)
    __aeabi_cdrcmple                         0x08000649   Thumb Code    48  cdrcmple.o(.text)
    __aeabi_cfrcmple                         0x08000679   Thumb Code    20  cfrcmple.o(.text)
    __aeabi_uidiv                            0x0800068d   Thumb Code     0  uidiv.o(.text)
    __aeabi_uidivmod                         0x0800068d   Thumb Code    44  uidiv.o(.text)
    __aeabi_uldivmod                         0x080006b9   Thumb Code    98  uldiv.o(.text)
    __aeabi_llsl                             0x0800071b   Thumb Code    30  llshl.o(.text)
    _ll_shift_l                              0x0800071b   Thumb Code     0  llshl.o(.text)
    __aeabi_llsr                             0x08000739   Thumb Code    32  llushr.o(.text)
    _ll_ushift_r                             0x08000739   Thumb Code     0  llushr.o(.text)
    __aeabi_lasr                             0x08000759   Thumb Code    36  llsshr.o(.text)
    _ll_sshift_r                             0x08000759   Thumb Code     0  llsshr.o(.text)
    strtol                                   0x0800077d   Thumb Code   112  strtol.o(.text)
    __I$use$fp                               0x080007ed   Thumb Code     0  iusefp.o(.text)
    _float_round                             0x080007ed   Thumb Code    18  fepilogue.o(.text)
    _float_epilogue                          0x080007ff   Thumb Code    92  fepilogue.o(.text)
    _double_round                            0x0800085b   Thumb Code    30  depilogue.o(.text)
    _double_epilogue                         0x08000879   Thumb Code   156  depilogue.o(.text)
    __aeabi_ddiv                             0x08000915   Thumb Code   222  ddiv.o(.text)
    __ARM_scalbn                             0x080009f3   Thumb Code    46  dscalb.o(.text)
    scalbn                                   0x080009f3   Thumb Code     0  dscalb.o(.text)
    __aeabi_d2ulz                            0x08000a21   Thumb Code    48  dfixul.o(.text)
    __scatterload                            0x08000a51   Thumb Code    28  init.o(.text)
    __scatterload_rt2                        0x08000a51   Thumb Code     0  init.o(.text)
    __rt_ctype_table                         0x08000a75   Thumb Code     4  ctype_o.o(.text)
    _strtoul                                 0x08000a7d   Thumb Code   158  _strtoul.o(.text)
    _dsqrt                                   0x08000b1b   Thumb Code   162  dsqrt.o(.text)
    _chval                                   0x08000bbd   Thumb Code    28  _chval.o(.text)
    __decompress                             0x08000bd9   Thumb Code     0  __dclz77c.o(.text)
    __decompress2                            0x08000bd9   Thumb Code    94  __dclz77c.o(.text)
    BASIC_TIM_Init                           0x08000c79   Thumb Code    12  bsp_tim.o(i.BASIC_TIM_Init)
    BEEP_Init                                0x08000cad   Thumb Code    46  beep.o(i.BEEP_Init)
    BH1750_Byte_Write                        0x08000ce1   Thumb Code    50  bh1750.o(i.BH1750_Byte_Write)
    BH1750_Init                              0x08000d13   Thumb Code    18  bh1750.o(i.BH1750_Init)
    BH1750_Power_ON                          0x08000d25   Thumb Code    10  bh1750.o(i.BH1750_Power_ON)
    BH1750_Read_Measure                      0x08000d2f   Thumb Code    58  bh1750.o(i.BH1750_Read_Measure)
    BusFault_Handler                         0x08000d69   Thumb Code     4  stm32f10x_it.o(i.BusFault_Handler)
    DEBUG_LOG                                0x08000d6d   Thumb Code    86  usart.o(i.DEBUG_LOG)
    DHT11_Check                              0x08000dd9   Thumb Code    92  dht11.o(i.DHT11_Check)
    DHT11_Init                               0x08000e3d   Thumb Code    58  dht11.o(i.DHT11_Init)
    DHT11_Read_Bit                           0x08000e7d   Thumb Code    70  dht11.o(i.DHT11_Read_Bit)
    DHT11_Read_Byte                          0x08000ec9   Thumb Code    30  dht11.o(i.DHT11_Read_Byte)
    DHT11_Read_Data                          0x08000ee7   Thumb Code   110  dht11.o(i.DHT11_Read_Data)
    DHT11_Rst                                0x08000f55   Thumb Code    52  dht11.o(i.DHT11_Rst)
    DebugMon_Handler                         0x08000f95   Thumb Code     2  stm32f10x_it.o(i.DebugMon_Handler)
    DelayInit                                0x08000f99   Thumb Code    50  delay.o(i.DelayInit)
    DelayMs                                  0x08000fdd   Thumb Code    72  delay.o(i.DelayMs)
    DelayS                                   0x08001029   Thumb Code    26  delay.o(i.DelayS)
    DelayUs                                  0x08001045   Thumb Code    72  delay.o(i.DelayUs)
    ESP8266_Clear                            0x08001091   Thumb Code    20  esp8266.o(i.ESP8266_Clear)
    ESP8266_GetIPD                           0x080010ad   Thumb Code    66  esp8266.o(i.ESP8266_GetIPD)
    ESP8266_Init                             0x080010fd   Thumb Code   312  esp8266.o(i.ESP8266_Init)
    ESP8266_SendCmd                          0x0800145d   Thumb Code    76  esp8266.o(i.ESP8266_SendCmd)
    ESP8266_SendData                         0x080014b1   Thumb Code    46  esp8266.o(i.ESP8266_SendData)
    ESP8266_WaitRecive                       0x080014f9   Thumb Code    42  esp8266.o(i.ESP8266_WaitRecive)
    EXTI15_10_IRQHandler                     0x0800152d   Thumb Code   152  stm32f10x_it.o(i.EXTI15_10_IRQHandler)
    EXTI_ClearITPendingBit                   0x080015cd   Thumb Code     6  stm32f10x_exti.o(i.EXTI_ClearITPendingBit)
    EXTI_GetITStatus                         0x080015d9   Thumb Code    34  stm32f10x_exti.o(i.EXTI_GetITStatus)
    EXTI_Init                                0x08001601   Thumb Code   142  stm32f10x_exti.o(i.EXTI_Init)
    EXTI_Key_Config                          0x08001695   Thumb Code   312  bsp_exti.o(i.EXTI_Key_Config)
    GPIO_EXTILineConfig                      0x080017f9   Thumb Code    60  stm32f10x_gpio.o(i.GPIO_EXTILineConfig)
    GPIO_Init                                0x08001839   Thumb Code   278  stm32f10x_gpio.o(i.GPIO_Init)
    GPIO_ReadInputDataBit                    0x0800194f   Thumb Code    18  stm32f10x_gpio.o(i.GPIO_ReadInputDataBit)
    GPIO_ResetBits                           0x08001961   Thumb Code     4  stm32f10x_gpio.o(i.GPIO_ResetBits)
    GPIO_SetBits                             0x08001965   Thumb Code     4  stm32f10x_gpio.o(i.GPIO_SetBits)
    GPIO_WriteBit                            0x08001969   Thumb Code    10  stm32f10x_gpio.o(i.GPIO_WriteBit)
    HardFault_Handler                        0x08001973   Thumb Code     4  stm32f10x_it.o(i.HardFault_Handler)
    I2C_CheckEvent                           0x080019a9   Thumb Code    42  stm32f10x_i2c.o(i.I2C_CheckEvent)
    I2C_Cmd                                  0x080019d3   Thumb Code    24  stm32f10x_i2c.o(i.I2C_Cmd)
    I2C_Configuration                        0x080019ed   Thumb Code   110  oled_i2c.o(i.I2C_Configuration)
    I2C_DeInit                               0x08001a69   Thumb Code    50  stm32f10x_i2c.o(i.I2C_DeInit)
    I2C_GenerateSTART                        0x08001aa1   Thumb Code    24  stm32f10x_i2c.o(i.I2C_GenerateSTART)
    I2C_GenerateSTOP                         0x08001ab9   Thumb Code    24  stm32f10x_i2c.o(i.I2C_GenerateSTOP)
    I2C_GetFlagStatus                        0x08001ad1   Thumb Code    58  stm32f10x_i2c.o(i.I2C_GetFlagStatus)
    I2C_Init                                 0x08001b0d   Thumb Code   222  stm32f10x_i2c.o(i.I2C_Init)
    I2C_Send7bitAddress                      0x08001bf9   Thumb Code    18  stm32f10x_i2c.o(i.I2C_Send7bitAddress)
    I2C_SendData                             0x08001c0b   Thumb Code     4  stm32f10x_i2c.o(i.I2C_SendData)
    I2C_WriteByte                            0x08001c11   Thumb Code   126  oled_i2c.o(i.I2C_WriteByte)
    LED_Init                                 0x08001c9d   Thumb Code    72  led.o(i.LED_Init)
    LIght_Intensity                          0x08001cf1   Thumb Code    32  bh1750.o(i.LIght_Intensity)
    MQTT_DeleteBuffer                        0x08001d15   Thumb Code    28  mqttkit.o(i.MQTT_DeleteBuffer)
    MQTT_DumpLength                          0x08001d31   Thumb Code    46  mqttkit.o(i.MQTT_DumpLength)
    MQTT_NewBuffer                           0x08001d5f   Thumb Code    88  mqttkit.o(i.MQTT_NewBuffer)
    MQTT_PacketConnect                       0x08001db9   Thumb Code   666  mqttkit.o(i.MQTT_PacketConnect)
    MQTT_PacketPublish                       0x08002059   Thumb Code   418  mqttkit.o(i.MQTT_PacketPublish)
    MQTT_PacketPublishComp                   0x080021fb   Thumb Code    72  mqttkit.o(i.MQTT_PacketPublishComp)
    MQTT_PacketPublishRel                    0x08002243   Thumb Code    72  mqttkit.o(i.MQTT_PacketPublishRel)
    MQTT_PacketSubscribe                     0x0800228b   Thumb Code   254  mqttkit.o(i.MQTT_PacketSubscribe)
    MQTT_ReadLength                          0x08002389   Thumb Code    70  mqttkit.o(i.MQTT_ReadLength)
    MQTT_UnPacketCmd                         0x080023cf   Thumb Code   140  mqttkit.o(i.MQTT_UnPacketCmd)
    MQTT_UnPacketConnectAck                  0x0800245b   Thumb Code    30  mqttkit.o(i.MQTT_UnPacketConnectAck)
    MQTT_UnPacketPublish                     0x08002479   Thumb Code   438  mqttkit.o(i.MQTT_UnPacketPublish)
    MQTT_UnPacketPublishAck                  0x08002639   Thumb Code    30  mqttkit.o(i.MQTT_UnPacketPublishAck)
    MQTT_UnPacketPublishComp                 0x08002657   Thumb Code    30  mqttkit.o(i.MQTT_UnPacketPublishComp)
    MQTT_UnPacketPublishRec                  0x08002675   Thumb Code    30  mqttkit.o(i.MQTT_UnPacketPublishRec)
    MQTT_UnPacketPublishRel                  0x08002693   Thumb Code    36  mqttkit.o(i.MQTT_UnPacketPublishRel)
    MQTT_UnPacketRecv                        0x080026b9   Thumb Code   106  mqttkit.o(i.MQTT_UnPacketRecv)
    MQTT_UnPacketSubscribe                   0x0800272d   Thumb Code    52  mqttkit.o(i.MQTT_UnPacketSubscribe)
    MQTT_UnPacketUnSubscribe                 0x08002761   Thumb Code    18  mqttkit.o(i.MQTT_UnPacketUnSubscribe)
    Manual                                   0x08002775   Thumb Code   322  fun.o(i.Manual)
    MemManage_Handler                        0x0800295d   Thumb Code     4  stm32f10x_it.o(i.MemManage_Handler)
    Motor_GPIO_Config                        0x08002961   Thumb Code    62  bsp_motor.o(i.Motor_GPIO_Config)
    NMI_Handler                              0x080029a5   Thumb Code     2  stm32f10x_it.o(i.NMI_Handler)
    NVIC_Init                                0x080029a9   Thumb Code   100  misc.o(i.NVIC_Init)
    NVIC_PriorityGroupConfig                 0x08002a19   Thumb Code    10  misc.o(i.NVIC_PriorityGroupConfig)
    OLED_CLS                                 0x08002a2d   Thumb Code    10  oled_i2c.o(i.OLED_CLS)
    OLED_Fill                                0x08002a37   Thumb Code    58  oled_i2c.o(i.OLED_Fill)
    OLED_Init                                0x08002a71   Thumb Code   178  oled_i2c.o(i.OLED_Init)
    OLED_SetPos                              0x08002b23   Thumb Code    40  oled_i2c.o(i.OLED_SetPos)
    OLED_ShowCN                              0x08002b4d   Thumb Code    80  oled_i2c.o(i.OLED_ShowCN)
    OLED_ShowStr                             0x08002ba1   Thumb Code   228  oled_i2c.o(i.OLED_ShowStr)
    OneNet_DevLink                           0x08002c8d   Thumb Code   236  onenet.o(i.OneNet_DevLink)
    OneNet_Publish                           0x08002edd   Thumb Code    84  onenet.o(i.OneNet_Publish)
    OneNet_RevPro                            0x08002f51   Thumb Code   626  onenet.o(i.OneNet_RevPro)
    OneNet_Subscribe                         0x08003395   Thumb Code    78  onenet.o(i.OneNet_Subscribe)
    PendSV_Handler                           0x080033fd   Thumb Code     2  stm32f10x_it.o(i.PendSV_Handler)
    RCC_APB1PeriphClockCmd                   0x08003401   Thumb Code    26  stm32f10x_rcc.o(i.RCC_APB1PeriphClockCmd)
    RCC_APB1PeriphResetCmd                   0x08003421   Thumb Code    26  stm32f10x_rcc.o(i.RCC_APB1PeriphResetCmd)
    RCC_APB2PeriphClockCmd                   0x08003441   Thumb Code    26  stm32f10x_rcc.o(i.RCC_APB2PeriphClockCmd)
    RCC_GetClocksFreq                        0x08003461   Thumb Code   192  stm32f10x_rcc.o(i.RCC_GetClocksFreq)
    SVC_Handler                              0x08003535   Thumb Code     2  stm32f10x_it.o(i.SVC_Handler)
    SysTick_CLKSourceConfig                  0x08003621   Thumb Code    40  misc.o(i.SysTick_CLKSourceConfig)
    SysTick_Handler                          0x0800369d   Thumb Code     2  stm32f10x_it.o(i.SysTick_Handler)
    SysTicks_Delay_ms                        0x080036a1   Thumb Code    54  bsp_systick.o(i.SysTicks_Delay_ms)
    SystemInit                               0x080036dd   Thumb Code    78  system_stm32f10x.o(i.SystemInit)
    TIM_ClearFlag                            0x0800373d   Thumb Code     6  stm32f10x_tim.o(i.TIM_ClearFlag)
    TIM_Cmd                                  0x08003743   Thumb Code    24  stm32f10x_tim.o(i.TIM_Cmd)
    TIM_ITConfig                             0x0800375b   Thumb Code    18  stm32f10x_tim.o(i.TIM_ITConfig)
    TIM_TimeBaseInit                         0x0800376d   Thumb Code   122  stm32f10x_tim.o(i.TIM_TimeBaseInit)
    USART1_IRQHandler                        0x08003811   Thumb Code    24  usart.o(i.USART1_IRQHandler)
    USART2_IRQHandler                        0x0800382d   Thumb Code    64  esp8266.o(i.USART2_IRQHandler)
    USART_ClearFlag                          0x08003879   Thumb Code    18  stm32f10x_usart.o(i.USART_ClearFlag)
    USART_Cmd                                0x0800388b   Thumb Code    24  stm32f10x_usart.o(i.USART_Cmd)
    USART_GetFlagStatus                      0x080038a3   Thumb Code    26  stm32f10x_usart.o(i.USART_GetFlagStatus)
    USART_GetITStatus                        0x080038bd   Thumb Code    84  stm32f10x_usart.o(i.USART_GetITStatus)
    USART_ITConfig                           0x08003911   Thumb Code    74  stm32f10x_usart.o(i.USART_ITConfig)
    USART_Init                               0x0800395d   Thumb Code   210  stm32f10x_usart.o(i.USART_Init)
    USART_SendData                           0x08003a35   Thumb Code     8  stm32f10x_usart.o(i.USART_SendData)
    UsageFault_Handler                       0x08003a3d   Thumb Code     4  stm32f10x_it.o(i.UsageFault_Handler)
    Usart1_Init                              0x08003a41   Thumb Code   166  usart.o(i.Usart1_Init)
    Usart2_Init                              0x08003af1   Thumb Code   162  usart.o(i.Usart2_Init)
    UsartPrintf                              0x08003b9d   Thumb Code    72  usart.o(i.UsartPrintf)
    Usart_SendString                         0x08003be5   Thumb Code    50  usart.o(i.Usart_SendString)
    WriteCmd                                 0x08003c17   Thumb Code    14  oled_i2c.o(i.WriteCmd)
    WriteDat                                 0x08003c25   Thumb Code    14  oled_i2c.o(i.WriteDat)
    __0sprintf                               0x08003c35   Thumb Code    34  printfa.o(i.__0sprintf)
    __1sprintf                               0x08003c35   Thumb Code     0  printfa.o(i.__0sprintf)
    __2sprintf                               0x08003c35   Thumb Code     0  printfa.o(i.__0sprintf)
    __c89sprintf                             0x08003c35   Thumb Code     0  printfa.o(i.__0sprintf)
    sprintf                                  0x08003c35   Thumb Code     0  printfa.o(i.__0sprintf)
    __0vsnprintf                             0x08003c5d   Thumb Code    40  printfa.o(i.__0vsnprintf)
    __1vsnprintf                             0x08003c5d   Thumb Code     0  printfa.o(i.__0vsnprintf)
    __2vsnprintf                             0x08003c5d   Thumb Code     0  printfa.o(i.__0vsnprintf)
    __c89vsnprintf                           0x08003c5d   Thumb Code     0  printfa.o(i.__0vsnprintf)
    vsnprintf                                0x08003c5d   Thumb Code     0  printfa.o(i.__0vsnprintf)
    __ARM_fpclassify                         0x08003c89   Thumb Code    40  fpclassify.o(i.__ARM_fpclassify)
    __aeabi_errno_addr                       0x08003cb1   Thumb Code     4  errno.o(i.__aeabi_errno_addr)
    __rt_errno_addr                          0x08003cb1   Thumb Code     0  errno.o(i.__aeabi_errno_addr)
    __kernel_poly                            0x08003cb9   Thumb Code   170  poly.o(i.__kernel_poly)
    __mathlib_dbl_divzero                    0x08003d65   Thumb Code    12  dunder.o(i.__mathlib_dbl_divzero)
    __mathlib_dbl_infnan2                    0x08003d75   Thumb Code     4  dunder.o(i.__mathlib_dbl_infnan2)
    __mathlib_dbl_invalid                    0x08003d79   Thumb Code    12  dunder.o(i.__mathlib_dbl_invalid)
    __mathlib_dbl_overflow                   0x08003d85   Thumb Code    14  dunder.o(i.__mathlib_dbl_overflow)
    __mathlib_dbl_underflow                  0x08003d95   Thumb Code    10  dunder.o(i.__mathlib_dbl_underflow)
    __scatterload_copy                       0x08003da5   Thumb Code    14  handlers.o(i.__scatterload_copy)
    __scatterload_null                       0x08003db3   Thumb Code     2  handlers.o(i.__scatterload_null)
    __scatterload_zeroinit                   0x08003db5   Thumb Code    14  handlers.o(i.__scatterload_zeroinit)
    __set_errno                              0x08003dc5   Thumb Code     6  errno.o(i.__set_errno)
    automatic                                0x080046a5   Thumb Code   694  fun.o(i.automatic)
    beeperOnce                               0x080049fd   Thumb Code    26  beep.o(i.beeperOnce)
    cJSON_Delete                             0x08004a1d   Thumb Code    82  cjson.o(i.cJSON_Delete)
    cJSON_GetErrorPtr                        0x08004a75   Thumb Code     6  cjson.o(i.cJSON_GetErrorPtr)
    cJSON_GetObjectItem                      0x08004a81   Thumb Code    30  cjson.o(i.cJSON_GetObjectItem)
    cJSON_Parse                              0x08004ac1   Thumb Code    16  cjson.o(i.cJSON_Parse)
    cJSON_ParseWithOpts                      0x08004ad1   Thumb Code    96  cjson.o(i.cJSON_ParseWithOpts)
    free                                     0x08004b81   Thumb Code    76  malloc.o(i.free)
    i2c_Ack                                  0x08004bd1   Thumb Code    52  bh1750.o(i.i2c_Ack)
    i2c_CheckDevice                          0x08004c09   Thumb Code    28  bh1750.o(i.i2c_CheckDevice)
    i2c_NAck                                 0x08004c35   Thumb Code    42  bh1750.o(i.i2c_NAck)
    i2c_ReadByte                             0x08004c65   Thumb Code    66  bh1750.o(i.i2c_ReadByte)
    i2c_SendByte                             0x08004cad   Thumb Code    88  bh1750.o(i.i2c_SendByte)
    i2c_Start                                0x08004d09   Thumb Code    48  bh1750.o(i.i2c_Start)
    i2c_Stop                                 0x08004d3d   Thumb Code    32  bh1750.o(i.i2c_Stop)
    i2c_WaitAck                              0x08004d61   Thumb Code    62  bh1750.o(i.i2c_WaitAck)
    main                                     0x08004da5   Thumb Code   532  main.o(i.main)
    malloc                                   0x08005029   Thumb Code    92  malloc.o(i.malloc)
    motor_ccw                                0x08005095   Thumb Code   348  bsp_motor.o(i.motor_ccw)
    motor_cw                                 0x080051f5   Thumb Code   348  bsp_motor.o(i.motor_cw)
    pow                                      0x08005a6d   Thumb Code  2512  pow.o(i.pow)
    sqrt                                     0x08006457   Thumb Code    76  sqrt.o(i.sqrt)
    devPubTopic                              0x080064a2   Data          18  main.o(.constdata)
    F6x8                                     0x080064b4   Data         552  oled_i2c.o(.constdata)
    F8X16                                    0x080066dc   Data        1520  oled_i2c.o(.constdata)
    __mathlib_zero                           0x08006d60   Data           8  qnan.o(.constdata)
    __ctype_table                            0x08006d68   Data         129  ctype_o.o(.constdata)
    Region$$Table$$Base                      0x08006ef8   Number         0  anon$$obj.o(Region$$Table)
    Region$$Table$$Limit                     0x08006f18   Number         0  anon$$obj.o(Region$$Table)
    SystemCoreClock                          0x20000000   Data           4  system_stm32f10x.o(.data)
    AHBPrescTable                            0x20000004   Data          16  system_stm32f10x.o(.data)
    i                                        0x20000028   Data           1  main.o(.data)
    KeyNum                                   0x20000029   Data           1  main.o(.data)
    flag1                                    0x2000002a   Data           1  main.o(.data)
    alarmFlag                                0x2000002b   Data           1  main.o(.data)
    alarm_is_free                            0x2000002c   Data           1  main.o(.data)
    humidityH                                0x2000002d   Data           1  main.o(.data)
    humidityL                                0x2000002e   Data           1  main.o(.data)
    temperatureH                             0x2000002f   Data           1  main.o(.data)
    temperatureL                             0x20000030   Data           1  main.o(.data)
    Light                                    0x20000034   Data           4  main.o(.data)
    Led_Status                               0x20000038   Data           1  main.o(.data)
    devSubTopic                              0x2000003c   Data           4  main.o(.data)
    ESP8266_INIT_OK                          0x20000040   Data           1  main.o(.data)
    F16x16                                   0x20000042   Data        1600  oled_i2c.o(.data)
    BMP1                                     0x20000682   Data        1024  oled_i2c.o(.data)
    lightva                                  0x20000a88   Data           4  fun.o(.data)
    temp                                     0x20000a8c   Data           4  fun.o(.data)
    BUF                                      0x20000a90   Data           8  fun.o(.data)
    dis_data                                 0x20000a98   Data           4  fun.o(.data)
    Value_GY_30                              0x20000a9c   Data           4  fun.o(.data)
    flag                                     0x20000aa0   Data           1  fun.o(.data)
    esp8266_cnt                              0x20000aa4   Data           2  esp8266.o(.data)
    esp8266_cntPre                           0x20000aa6   Data           2  esp8266.o(.data)
    __microlib_freelist                      0x20000ab4   Data           4  mvars.o(.data)
    __microlib_freelist_initialised          0x20000ab8   Data           4  mvars.o(.data)
    PUB_BUF                                  0x20000ac0   Data         256  main.o(.bss)
    oledBuf                                  0x20000bc0   Data          20  fun.o(.bss)
    esp8266_buf                              0x20000bd4   Data        1024  esp8266.o(.bss)
    __heap_base                              0x20000fd8   Data           0  startup_stm32f10x_hd.o(HEAP)
    __heap_limit                             0x200011d8   Data           0  startup_stm32f10x_hd.o(HEAP)
    __initial_sp                             0x200015d8   Data           0  startup_stm32f10x_hd.o(STACK)



==============================================================================

Memory Map of the image

  Image Entry point : 0x08000131

  Load Region LR_IROM1 (Base: 0x08000000, Size: 0x000079d8, Max: 0x00010000, ABSOLUTE, COMPRESSED[0x00007390])

    Execution Region ER_IROM1 (Base: 0x08000000, Size: 0x00006f18, Max: 0x00010000, ABSOLUTE)

    Base Addr    Size         Type   Attr      Idx    E Section Name        Object

    0x08000000   0x00000130   Data   RO            3    RESET               startup_stm32f10x_hd.o
    0x08000130   0x00000000   Code   RO         4429  * .ARM.Collect$$$$00000000  mc_w.l(entry.o)
    0x08000130   0x00000004   Code   RO         4796    .ARM.Collect$$$$00000001  mc_w.l(entry2.o)
    0x08000134   0x00000004   Code   RO         4799    .ARM.Collect$$$$00000004  mc_w.l(entry5.o)
    0x08000138   0x00000000   Code   RO         4801    .ARM.Collect$$$$00000008  mc_w.l(entry7b.o)
    0x08000138   0x00000000   Code   RO         4803    .ARM.Collect$$$$0000000A  mc_w.l(entry8b.o)
    0x08000138   0x00000008   Code   RO         4804    .ARM.Collect$$$$0000000B  mc_w.l(entry9a.o)
    0x08000140   0x00000000   Code   RO         4806    .ARM.Collect$$$$0000000D  mc_w.l(entry10a.o)
    0x08000140   0x00000000   Code   RO         4808    .ARM.Collect$$$$0000000F  mc_w.l(entry11a.o)
    0x08000140   0x00000004   Code   RO         4797    .ARM.Collect$$$$00002712  mc_w.l(entry2.o)
    0x08000144   0x00000024   Code   RO            4    .text               startup_stm32f10x_hd.o
    0x08000168   0x0000000c   Code   RO         4432    .text               mc_w.l(tolower.o)
    0x08000174   0x00000024   Code   RO         4434    .text               mc_w.l(memcpya.o)
    0x08000198   0x00000024   Code   RO         4436    .text               mc_w.l(memseta.o)
    0x080001bc   0x00000024   Code   RO         4438    .text               mc_w.l(strstr.o)
    0x080001e0   0x00000014   Code   RO         4440    .text               mc_w.l(strchr.o)
    0x080001f4   0x0000000e   Code   RO         4442    .text               mc_w.l(strlen.o)
    0x08000202   0x00000028   Code   RO         4444    .text               mc_w.l(strncat.o)
    0x0800022a   0x0000001e   Code   RO         4448    .text               mc_w.l(strncmp.o)
    0x08000248   0x0000001a   Code   RO         4741    .text               mc_w.l(atoi.o)
    0x08000262   0x00000064   Code   RO         4743    .text               mf_w.l(fmul.o)
    0x080002c6   0x0000007c   Code   RO         4745    .text               mf_w.l(fdiv.o)
    0x08000342   0x0000014e   Code   RO         4747    .text               mf_w.l(dadd.o)
    0x08000490   0x000000e4   Code   RO         4749    .text               mf_w.l(dmul.o)
    0x08000574   0x00000012   Code   RO         4751    .text               mf_w.l(fflti.o)
    0x08000586   0x0000000a   Code   RO         4753    .text               mf_w.l(ffltui.o)
    0x08000590   0x00000022   Code   RO         4755    .text               mf_w.l(dflti.o)
    0x080005b2   0x0000003e   Code   RO         4757    .text               mf_w.l(dfixi.o)
    0x080005f0   0x00000032   Code   RO         4759    .text               mf_w.l(dfixui.o)
    0x08000622   0x00000026   Code   RO         4761    .text               mf_w.l(f2d.o)
    0x08000648   0x00000030   Code   RO         4765    .text               mf_w.l(cdrcmple.o)
    0x08000678   0x00000014   Code   RO         4767    .text               mf_w.l(cfrcmple.o)
    0x0800068c   0x0000002c   Code   RO         4813    .text               mc_w.l(uidiv.o)
    0x080006b8   0x00000062   Code   RO         4815    .text               mc_w.l(uldiv.o)
    0x0800071a   0x0000001e   Code   RO         4817    .text               mc_w.l(llshl.o)
    0x08000738   0x00000020   Code   RO         4819    .text               mc_w.l(llushr.o)
    0x08000758   0x00000024   Code   RO         4821    .text               mc_w.l(llsshr.o)
    0x0800077c   0x00000070   Code   RO         4832    .text               mc_w.l(strtol.o)
    0x080007ec   0x00000000   Code   RO         4834    .text               mc_w.l(iusefp.o)
    0x080007ec   0x0000006e   Code   RO         4835    .text               mf_w.l(fepilogue.o)
    0x0800085a   0x000000ba   Code   RO         4837    .text               mf_w.l(depilogue.o)
    0x08000914   0x000000de   Code   RO         4839    .text               mf_w.l(ddiv.o)
    0x080009f2   0x0000002e   Code   RO         4841    .text               mf_w.l(dscalb.o)
    0x08000a20   0x00000030   Code   RO         4843    .text               mf_w.l(dfixul.o)
    0x08000a50   0x00000024   Code   RO         4845    .text               mc_w.l(init.o)
    0x08000a74   0x00000008   Code   RO         4848    .text               mc_w.l(ctype_o.o)
    0x08000a7c   0x0000009e   Code   RO         4876    .text               mc_w.l(_strtoul.o)
    0x08000b1a   0x000000a2   Code   RO         4879    .text               mf_w.l(dsqrt.o)
    0x08000bbc   0x0000001c   Code   RO         4881    .text               mc_w.l(_chval.o)
    0x08000bd8   0x0000005e   Code   RO         4891    .text               mc_w.l(__dclz77c.o)
    0x08000c36   0x00000002   PAD
    0x08000c38   0x00000040   Code   RO         3759    i.BASIC_TIM_Config  bsp_tim.o
    0x08000c78   0x0000000c   Code   RO         3760    i.BASIC_TIM_Init    bsp_tim.o
    0x08000c84   0x00000028   Code   RO         3761    i.BASIC_TIM_NVIC_Config  bsp_tim.o
    0x08000cac   0x00000034   Code   RO         3729    i.BEEP_Init         beep.o
    0x08000ce0   0x00000032   Code   RO         3553    i.BH1750_Byte_Write  bh1750.o
    0x08000d12   0x00000012   Code   RO         3554    i.BH1750_Init       bh1750.o
    0x08000d24   0x0000000a   Code   RO         3556    i.BH1750_Power_ON   bh1750.o
    0x08000d2e   0x0000003a   Code   RO         3558    i.BH1750_Read_Measure  bh1750.o
    0x08000d68   0x00000004   Code   RO         3185    i.BusFault_Handler  stm32f10x_it.o
    0x08000d6c   0x0000006c   Code   RO         3501    i.DEBUG_LOG         usart.o
    0x08000dd8   0x00000064   Code   RO         3659    i.DHT11_Check       dht11.o
    0x08000e3c   0x00000040   Code   RO         3660    i.DHT11_Init        dht11.o
    0x08000e7c   0x0000004c   Code   RO         3661    i.DHT11_Read_Bit    dht11.o
    0x08000ec8   0x0000001e   Code   RO         3662    i.DHT11_Read_Byte   dht11.o
    0x08000ee6   0x0000006e   Code   RO         3663    i.DHT11_Read_Data   dht11.o
    0x08000f54   0x00000040   Code   RO         3664    i.DHT11_Rst         dht11.o
    0x08000f94   0x00000002   Code   RO         3186    i.DebugMon_Handler  stm32f10x_it.o
    0x08000f96   0x00000002   PAD
    0x08000f98   0x00000044   Code   RO         3391    i.DelayInit         delay.o
    0x08000fdc   0x0000004c   Code   RO         3392    i.DelayMs           delay.o
    0x08001028   0x0000001a   Code   RO         3393    i.DelayS            delay.o
    0x08001042   0x00000002   PAD
    0x08001044   0x0000004c   Code   RO         3394    i.DelayUs           delay.o
    0x08001090   0x0000001c   Code   RO         4003    i.ESP8266_Clear     esp8266.o
    0x080010ac   0x00000050   Code   RO         4004    i.ESP8266_GetIPD    esp8266.o
    0x080010fc   0x00000360   Code   RO         4005    i.ESP8266_Init      esp8266.o
    0x0800145c   0x00000054   Code   RO         4006    i.ESP8266_SendCmd   esp8266.o
    0x080014b0   0x00000048   Code   RO         4007    i.ESP8266_SendData  esp8266.o
    0x080014f8   0x00000034   Code   RO         4008    i.ESP8266_WaitRecive  esp8266.o
    0x0800152c   0x000000a0   Code   RO         3187    i.EXTI15_10_IRQHandler  stm32f10x_it.o
    0x080015cc   0x0000000c   Code   RO          939    i.EXTI_ClearITPendingBit  stm32f10x_exti.o
    0x080015d8   0x00000028   Code   RO          943    i.EXTI_GetITStatus  stm32f10x_exti.o
    0x08001600   0x00000094   Code   RO          944    i.EXTI_Init         stm32f10x_exti.o
    0x08001694   0x0000013c   Code   RO         3255    i.EXTI_Key_Config   bsp_exti.o
    0x080017d0   0x00000026   Code   RO         3256    i.EXTI_NVIC_Config  bsp_exti.o
    0x080017f6   0x00000002   PAD
    0x080017f8   0x00000040   Code   RO         1289    i.GPIO_EXTILineConfig  stm32f10x_gpio.o
    0x08001838   0x00000116   Code   RO         1292    i.GPIO_Init         stm32f10x_gpio.o
    0x0800194e   0x00000012   Code   RO         1296    i.GPIO_ReadInputDataBit  stm32f10x_gpio.o
    0x08001960   0x00000004   Code   RO         1299    i.GPIO_ResetBits    stm32f10x_gpio.o
    0x08001964   0x00000004   Code   RO         1300    i.GPIO_SetBits      stm32f10x_gpio.o
    0x08001968   0x0000000a   Code   RO         1303    i.GPIO_WriteBit     stm32f10x_gpio.o
    0x08001972   0x00000004   Code   RO         3188    i.HardFault_Handler  stm32f10x_it.o
    0x08001976   0x00000002   PAD
    0x08001978   0x00000030   Code   RO         3559    i.I2C_BH1750_GPIOConfig  bh1750.o
    0x080019a8   0x0000002a   Code   RO         1403    i.I2C_CheckEvent    stm32f10x_i2c.o
    0x080019d2   0x00000018   Code   RO         1406    i.I2C_Cmd           stm32f10x_i2c.o
    0x080019ea   0x00000002   PAD
    0x080019ec   0x0000007c   Code   RO         3302    i.I2C_Configuration  oled_i2c.o
    0x08001a68   0x00000038   Code   RO         1409    i.I2C_DeInit        stm32f10x_i2c.o
    0x08001aa0   0x00000018   Code   RO         1413    i.I2C_GenerateSTART  stm32f10x_i2c.o
    0x08001ab8   0x00000018   Code   RO         1414    i.I2C_GenerateSTOP  stm32f10x_i2c.o
    0x08001ad0   0x0000003a   Code   RO         1415    i.I2C_GetFlagStatus  stm32f10x_i2c.o
    0x08001b0a   0x00000002   PAD
    0x08001b0c   0x000000ec   Code   RO         1420    i.I2C_Init          stm32f10x_i2c.o
    0x08001bf8   0x00000012   Code   RO         1427    i.I2C_Send7bitAddress  stm32f10x_i2c.o
    0x08001c0a   0x00000004   Code   RO         1428    i.I2C_SendData      stm32f10x_i2c.o
    0x08001c0e   0x00000002   PAD
    0x08001c10   0x0000008c   Code   RO         3303    i.I2C_WriteByte     oled_i2c.o
    0x08001c9c   0x00000054   Code   RO         3747    i.LED_Init          led.o
    0x08001cf0   0x00000024   Code   RO         3560    i.LIght_Intensity   bh1750.o
    0x08001d14   0x0000001c   Code   RO         3832    i.MQTT_DeleteBuffer  mqttkit.o
    0x08001d30   0x0000002e   Code   RO         3833    i.MQTT_DumpLength   mqttkit.o
    0x08001d5e   0x00000058   Code   RO         3834    i.MQTT_NewBuffer    mqttkit.o
    0x08001db6   0x00000002   PAD
    0x08001db8   0x000002a0   Code   RO         3836    i.MQTT_PacketConnect  mqttkit.o
    0x08002058   0x000001a2   Code   RO         3839    i.MQTT_PacketPublish  mqttkit.o
    0x080021fa   0x00000048   Code   RO         3841    i.MQTT_PacketPublishComp  mqttkit.o
    0x08002242   0x00000048   Code   RO         3843    i.MQTT_PacketPublishRel  mqttkit.o
    0x0800228a   0x000000fe   Code   RO         3846    i.MQTT_PacketSubscribe  mqttkit.o
    0x08002388   0x00000046   Code   RO         3848    i.MQTT_ReadLength   mqttkit.o
    0x080023ce   0x0000008c   Code   RO         3849    i.MQTT_UnPacketCmd  mqttkit.o
    0x0800245a   0x0000001e   Code   RO         3850    i.MQTT_UnPacketConnectAck  mqttkit.o
    0x08002478   0x000001c0   Code   RO         3851    i.MQTT_UnPacketPublish  mqttkit.o
    0x08002638   0x0000001e   Code   RO         3852    i.MQTT_UnPacketPublishAck  mqttkit.o
    0x08002656   0x0000001e   Code   RO         3853    i.MQTT_UnPacketPublishComp  mqttkit.o
    0x08002674   0x0000001e   Code   RO         3854    i.MQTT_UnPacketPublishRec  mqttkit.o
    0x08002692   0x00000024   Code   RO         3855    i.MQTT_UnPacketPublishRel  mqttkit.o
    0x080026b6   0x00000002   PAD
    0x080026b8   0x00000074   Code   RO         3856    i.MQTT_UnPacketRecv  mqttkit.o
    0x0800272c   0x00000034   Code   RO         3857    i.MQTT_UnPacketSubscribe  mqttkit.o
    0x08002760   0x00000012   Code   RO         3858    i.MQTT_UnPacketUnSubscribe  mqttkit.o
    0x08002772   0x00000002   PAD
    0x08002774   0x000001e8   Code   RO         3477    i.Manual            fun.o
    0x0800295c   0x00000004   Code   RO         3189    i.MemManage_Handler  stm32f10x_it.o
    0x08002960   0x00000044   Code   RO         3423    i.Motor_GPIO_Config  bsp_motor.o
    0x080029a4   0x00000002   Code   RO         3190    i.NMI_Handler       stm32f10x_it.o
    0x080029a6   0x00000002   PAD
    0x080029a8   0x00000070   Code   RO          137    i.NVIC_Init         misc.o
    0x08002a18   0x00000014   Code   RO          138    i.NVIC_PriorityGroupConfig  misc.o
    0x08002a2c   0x0000000a   Code   RO         3304    i.OLED_CLS          oled_i2c.o
    0x08002a36   0x0000003a   Code   RO         3306    i.OLED_Fill         oled_i2c.o
    0x08002a70   0x000000b2   Code   RO         3307    i.OLED_Init         oled_i2c.o
    0x08002b22   0x00000028   Code   RO         3310    i.OLED_SetPos       oled_i2c.o
    0x08002b4a   0x00000002   PAD
    0x08002b4c   0x00000054   Code   RO         3311    i.OLED_ShowCN       oled_i2c.o
    0x08002ba0   0x000000ec   Code   RO         3312    i.OLED_ShowStr      oled_i2c.o
    0x08002c8c   0x00000250   Code   RO         3781    i.OneNet_DevLink    onenet.o
    0x08002edc   0x00000074   Code   RO         3782    i.OneNet_Publish    onenet.o
    0x08002f50   0x00000444   Code   RO         3783    i.OneNet_RevPro     onenet.o
    0x08003394   0x00000068   Code   RO         3784    i.OneNet_Subscribe  onenet.o
    0x080033fc   0x00000002   Code   RO         3191    i.PendSV_Handler    stm32f10x_it.o
    0x080033fe   0x00000002   PAD
    0x08003400   0x00000020   Code   RO         1708    i.RCC_APB1PeriphClockCmd  stm32f10x_rcc.o
    0x08003420   0x00000020   Code   RO         1709    i.RCC_APB1PeriphResetCmd  stm32f10x_rcc.o
    0x08003440   0x00000020   Code   RO         1710    i.RCC_APB2PeriphClockCmd  stm32f10x_rcc.o
    0x08003460   0x000000d4   Code   RO         1718    i.RCC_GetClocksFreq  stm32f10x_rcc.o
    0x08003534   0x00000002   Code   RO         3192    i.SVC_Handler       stm32f10x_it.o
    0x08003536   0x00000008   Code   RO           24    i.SetSysClock       system_stm32f10x.o
    0x0800353e   0x00000002   PAD
    0x08003540   0x000000e0   Code   RO           25    i.SetSysClockTo72   system_stm32f10x.o
    0x08003620   0x00000028   Code   RO          141    i.SysTick_CLKSourceConfig  misc.o
    0x08003648   0x00000054   Code   RO         3272    i.SysTick_Config    bsp_systick.o
    0x0800369c   0x00000002   Code   RO         3193    i.SysTick_Handler   stm32f10x_it.o
    0x0800369e   0x00000002   PAD
    0x080036a0   0x0000003c   Code   RO         3273    i.SysTicks_Delay_ms  bsp_systick.o
    0x080036dc   0x00000060   Code   RO           27    i.SystemInit        system_stm32f10x.o
    0x0800373c   0x00000006   Code   RO         2336    i.TIM_ClearFlag     stm32f10x_tim.o
    0x08003742   0x00000018   Code   RO         2342    i.TIM_Cmd           stm32f10x_tim.o
    0x0800375a   0x00000012   Code   RO         2367    i.TIM_ITConfig      stm32f10x_tim.o
    0x0800376c   0x000000a4   Code   RO         2413    i.TIM_TimeBaseInit  stm32f10x_tim.o
    0x08003810   0x0000001c   Code   RO         3502    i.USART1_IRQHandler  usart.o
    0x0800382c   0x0000004c   Code   RO         4009    i.USART2_IRQHandler  esp8266.o
    0x08003878   0x00000012   Code   RO         2874    i.USART_ClearFlag   stm32f10x_usart.o
    0x0800388a   0x00000018   Code   RO         2878    i.USART_Cmd         stm32f10x_usart.o
    0x080038a2   0x0000001a   Code   RO         2881    i.USART_GetFlagStatus  stm32f10x_usart.o
    0x080038bc   0x00000054   Code   RO         2882    i.USART_GetITStatus  stm32f10x_usart.o
    0x08003910   0x0000004a   Code   RO         2884    i.USART_ITConfig    stm32f10x_usart.o
    0x0800395a   0x00000002   PAD
    0x0800395c   0x000000d8   Code   RO         2885    i.USART_Init        stm32f10x_usart.o
    0x08003a34   0x00000008   Code   RO         2895    i.USART_SendData    stm32f10x_usart.o
    0x08003a3c   0x00000004   Code   RO         3194    i.UsageFault_Handler  stm32f10x_it.o
    0x08003a40   0x000000b0   Code   RO         3503    i.Usart1_Init       usart.o
    0x08003af0   0x000000ac   Code   RO         3504    i.Usart2_Init       usart.o
    0x08003b9c   0x00000048   Code   RO         3505    i.UsartPrintf       usart.o
    0x08003be4   0x00000032   Code   RO         3506    i.Usart_SendString  usart.o
    0x08003c16   0x0000000e   Code   RO         3313    i.WriteCmd          oled_i2c.o
    0x08003c24   0x0000000e   Code   RO         3314    i.WriteDat          oled_i2c.o
    0x08003c32   0x00000002   PAD
    0x08003c34   0x00000028   Code   RO         4687    i.__0sprintf        mc_w.l(printfa.o)
    0x08003c5c   0x0000002c   Code   RO         4690    i.__0vsnprintf      mc_w.l(printfa.o)
    0x08003c88   0x00000028   Code   RO         4783    i.__ARM_fpclassify  m_ws.l(fpclassify.o)
    0x08003cb0   0x00000008   Code   RO         4825    i.__aeabi_errno_addr  mc_w.l(errno.o)
    0x08003cb8   0x000000aa   Code   RO         4785    i.__kernel_poly     m_ws.l(poly.o)
    0x08003d62   0x00000002   PAD
    0x08003d64   0x00000010   Code   RO         4769    i.__mathlib_dbl_divzero  m_ws.l(dunder.o)
    0x08003d74   0x00000004   Code   RO         4771    i.__mathlib_dbl_infnan2  m_ws.l(dunder.o)
    0x08003d78   0x0000000c   Code   RO         4772    i.__mathlib_dbl_invalid  m_ws.l(dunder.o)
    0x08003d84   0x0000000e   Code   RO         4773    i.__mathlib_dbl_overflow  m_ws.l(dunder.o)
    0x08003d92   0x00000002   PAD
    0x08003d94   0x00000010   Code   RO         4775    i.__mathlib_dbl_underflow  m_ws.l(dunder.o)
    0x08003da4   0x0000000e   Code   RO         4885    i.__scatterload_copy  mc_w.l(handlers.o)
    0x08003db2   0x00000002   Code   RO         4886    i.__scatterload_null  mc_w.l(handlers.o)
    0x08003db4   0x0000000e   Code   RO         4887    i.__scatterload_zeroinit  mc_w.l(handlers.o)
    0x08003dc2   0x00000002   PAD
    0x08003dc4   0x0000000c   Code   RO         4827    i.__set_errno       mc_w.l(errno.o)
    0x08003dd0   0x00000184   Code   RO         4692    i._fp_digits        mc_w.l(printfa.o)
    0x08003f54   0x000006dc   Code   RO         4693    i._printf_core      mc_w.l(printfa.o)
    0x08004630   0x00000024   Code   RO         4694    i._printf_post_padding  mc_w.l(printfa.o)
    0x08004654   0x0000002e   Code   RO         4695    i._printf_pre_padding  mc_w.l(printfa.o)
    0x08004682   0x00000016   Code   RO         4696    i._snputc           mc_w.l(printfa.o)
    0x08004698   0x0000000a   Code   RO         4697    i._sputc            mc_w.l(printfa.o)
    0x080046a2   0x00000002   PAD
    0x080046a4   0x00000358   Code   RO         3478    i.automatic         fun.o
    0x080049fc   0x00000020   Code   RO         3730    i.beeperOnce        beep.o
    0x08004a1c   0x00000058   Code   RO         4077    i.cJSON_Delete      cjson.o
    0x08004a74   0x0000000c   Code   RO         4085    i.cJSON_GetErrorPtr  cjson.o
    0x08004a80   0x0000001e   Code   RO         4086    i.cJSON_GetObjectItem  cjson.o
    0x08004a9e   0x00000002   PAD
    0x08004aa0   0x00000020   Code   RO         4090    i.cJSON_New_Item    cjson.o
    0x08004ac0   0x00000010   Code   RO         4091    i.cJSON_Parse       cjson.o
    0x08004ad0   0x00000064   Code   RO         4092    i.cJSON_ParseWithOpts  cjson.o
    0x08004b34   0x0000004c   Code   RO         4098    i.cJSON_strcasecmp  cjson.o
    0x08004b80   0x00000050   Code   RO         4713    i.free              mc_w.l(malloc.o)
    0x08004bd0   0x00000038   Code   RO         3561    i.i2c_Ack           bh1750.o
    0x08004c08   0x0000001c   Code   RO         3562    i.i2c_CheckDevice   bh1750.o
    0x08004c24   0x0000000e   Code   RO         3563    i.i2c_Delay         bh1750.o
    0x08004c32   0x00000002   PAD
    0x08004c34   0x00000030   Code   RO         3564    i.i2c_NAck          bh1750.o
    0x08004c64   0x00000048   Code   RO         3565    i.i2c_ReadByte      bh1750.o
    0x08004cac   0x0000005c   Code   RO         3566    i.i2c_SendByte      bh1750.o
    0x08004d08   0x00000034   Code   RO         3567    i.i2c_Start         bh1750.o
    0x08004d3c   0x00000024   Code   RO         3568    i.i2c_Stop          bh1750.o
    0x08004d60   0x00000044   Code   RO         3569    i.i2c_WaitAck       bh1750.o
    0x08004da4   0x00000284   Code   RO         3108    i.main              main.o
    0x08005028   0x0000006c   Code   RO         4714    i.malloc            mc_w.l(malloc.o)
    0x08005094   0x00000160   Code   RO         3424    i.motor_ccw         bsp_motor.o
    0x080051f4   0x00000160   Code   RO         3425    i.motor_cw          bsp_motor.o
    0x08005354   0x000000ac   Code   RO         4102    i.parse_array       cjson.o
    0x08005400   0x00000114   Code   RO         4103    i.parse_hex4        cjson.o
    0x08005514   0x000001bc   Code   RO         4104    i.parse_number      cjson.o
    0x080056d0   0x00000114   Code   RO         4105    i.parse_object      cjson.o
    0x080057e4   0x000001cc   Code   RO         4106    i.parse_string      cjson.o
    0x080059b0   0x000000bc   Code   RO         4107    i.parse_value       cjson.o
    0x08005a6c   0x000009d8   Code   RO         4420    i.pow               m_ws.l(pow.o)
    0x08006444   0x00000012   Code   RO         4115    i.skip              cjson.o
    0x08006456   0x0000004c   Code   RO         4789    i.sqrt              m_ws.l(sqrt.o)
    0x080064a2   0x00000012   Data   RO         3110    .constdata          main.o
    0x080064b4   0x00000818   Data   RO         3315    .constdata          oled_i2c.o
    0x08006ccc   0x00000007   Data   RO         4118    .constdata          cjson.o
    0x08006cd3   0x00000005   PAD
    0x08006cd8   0x00000088   Data   RO         4421    .constdata          m_ws.l(pow.o)
    0x08006d60   0x00000008   Data   RO         4787    .constdata          m_ws.l(qnan.o)
    0x08006d68   0x00000081   Data   RO         4849    .constdata          mc_w.l(ctype_o.o)
    0x08006de9   0x00000003   PAD
    0x08006dec   0x00000004   Data   RO         4850    .constdata          mc_w.l(ctype_o.o)
    0x08006df0   0x000000b1   Data   RO         3111    .conststring        main.o
    0x08006ea1   0x00000003   PAD
    0x08006ea4   0x00000051   Data   RO         3480    .conststring        fun.o
    0x08006ef5   0x00000003   PAD
    0x08006ef8   0x00000020   Data   RO         4883    Region$$Table       anon$$obj.o


    Execution Region RW_IRAM1 (Base: 0x20000000, Size: 0x000015d8, Max: 0x00005000, ABSOLUTE, COMPRESSED[0x00000478])

    Base Addr    Size         Type   Attr      Idx    E Section Name        Object

    0x20000000   0x00000014   Data   RW           28    .data               system_stm32f10x.o
    0x20000014   0x00000014   Data   RW         1738    .data               stm32f10x_rcc.o
    0x20000028   0x0000001a   Data   RW         3112    .data               main.o
    0x20000042   0x00000a40   Data   RW         3316    .data               oled_i2c.o
    0x20000a82   0x00000004   Data   RW         3395    .data               delay.o
    0x20000a86   0x00000002   PAD
    0x20000a88   0x00000019   Data   RW         3481    .data               fun.o
    0x20000aa1   0x00000001   PAD
    0x20000aa2   0x00000002   Data   RW         3785    .data               onenet.o
    0x20000aa4   0x00000004   Data   RW         4011    .data               esp8266.o
    0x20000aa8   0x0000000c   Data   RW         4119    .data               cjson.o
    0x20000ab4   0x00000004   Data   RW         4823    .data               mc_w.l(mvars.o)
    0x20000ab8   0x00000004   Data   RW         4824    .data               mc_w.l(mvars.o)
    0x20000abc   0x00000004   Data   RW         4828    .data               mc_w.l(errno.o)
    0x20000ac0   0x00000100   Zero   RW         3109    .bss                main.o
    0x20000bc0   0x00000014   Zero   RW         3479    .bss                fun.o
    0x20000bd4   0x00000400   Zero   RW         4010    .bss                esp8266.o
    0x20000fd4   0x00000004   PAD
    0x20000fd8   0x00000200   Zero   RW            2    HEAP                startup_stm32f10x_hd.o
    0x200011d8   0x00000400   Zero   RW            1    STACK               startup_stm32f10x_hd.o


==============================================================================

Image component sizes


      Code (inc. data)   RO Data    RW Data    ZI Data      Debug   Object Name

        84         12          0          0          0        929   beep.o
       686         42          0          0          0       7614   bh1750.o
       354          4          0          0          0       1150   bsp_exti.o
       772         14          0          0          0       2015   bsp_motor.o
       144         14          0          0          0      16255   bsp_systick.o
       116          4          0          0          0       1397   bsp_tim.o
      2188         88          7         12          0      12305   cjson.o
         0          0          0          0          0       4508   core_cm3.o
       246         26          0          4          0       2261   delay.o
       444         32          0          0          0       3896   dht11.o
      1256        630          0          4       1024       5641   esp8266.o
      1344        328         81         25         20       3262   fun.o
        84         12          0          0          0        495   led.o
       644        112        195         26        256       2665   main.o
       172         22          0          0          0       2245   misc.o
      2650         26          0          0          0      16924   mqttkit.o
       898         40       2072       2624          0       6557   oled_i2c.o
      1904        900          0          2          0       7894   onenet.o
        36          8        304          0       1536        876   startup_stm32f10x_hd.o
       200         18          0          0          0       2300   stm32f10x_exti.o
       378          4          0          0          0       5170   stm32f10x_gpio.o
       486         20          0          0          0       7591   stm32f10x_i2c.o
       186          8          0          0          0       4509   stm32f10x_it.o
       308         38          0         20          0       5259   stm32f10x_rcc.o
       212         42          0          0          0       3084   stm32f10x_tim.o
       450          6          0          0          0       6539   stm32f10x_usart.o
       328         28          0         20          0     259721   system_stm32f10x.o
       606         46          0          0          0       5349   usart.o

    ----------------------------------------------------------------------
     17214       2524       2702       2740       2840     398411   Object Totals
         0          0         32          0          0          0   (incl. Generated)
        38          0         11          3          4          0   (incl. Padding)

    ----------------------------------------------------------------------

      Code (inc. data)   RO Data    RW Data    ZI Data      Debug   Library Member Name

        62         10          0          0          0        340   dunder.o
        40          0          0          0          0         68   fpclassify.o
       170          0          0          0          0         96   poly.o
      2520        190        136          0          0        324   pow.o
         0          0          8          0          0          0   qnan.o
        76          0          0          0          0         84   sqrt.o
        94          0          0          0          0          0   __dclz77c.o
        28          0          0          0          0         68   _chval.o
       158          0          0          0          0         92   _strtoul.o
        26          0          0          0          0         80   atoi.o
         8          4        133          0          0         68   ctype_o.o
         0          0          0          0          0          0   entry.o
         0          0          0          0          0          0   entry10a.o
         0          0          0          0          0          0   entry11a.o
         8          4          0          0          0          0   entry2.o
         4          0          0          0          0          0   entry5.o
         0          0          0          0          0          0   entry7b.o
         0          0          0          0          0          0   entry8b.o
         8          4          0          0          0          0   entry9a.o
        20         10          0          4          0        136   errno.o
        30          0          0          0          0          0   handlers.o
        36          8          0          0          0         68   init.o
         0          0          0          0          0          0   iusefp.o
        30          0          0          0          0         68   llshl.o
        36          0          0          0          0         68   llsshr.o
        32          0          0          0          0         68   llushr.o
       188         20          0          0          0        160   malloc.o
        36          0          0          0          0         68   memcpya.o
        36          0          0          0          0        108   memseta.o
         0          0          0          8          0          0   mvars.o
      2342         90          0          0          0        668   printfa.o
        20          0          0          0          0         68   strchr.o
        14          0          0          0          0         68   strlen.o
        40          0          0          0          0         76   strncat.o
        30          0          0          0          0         80   strncmp.o
        36          0          0          0          0         80   strstr.o
       112          0          0          0          0         88   strtol.o
        12          0          0          0          0         68   tolower.o
        44          0          0          0          0         80   uidiv.o
        98          0          0          0          0         92   uldiv.o
        48          0          0          0          0         68   cdrcmple.o
        20          0          0          0          0         68   cfrcmple.o
       334          0          0          0          0        148   dadd.o
       222          0          0          0          0        100   ddiv.o
       186          0          0          0          0        176   depilogue.o
        62          0          0          0          0         80   dfixi.o
        50          0          0          0          0         76   dfixui.o
        48          0          0          0          0         68   dfixul.o
        34          0          0          0          0         76   dflti.o
       228          0          0          0          0         96   dmul.o
        46          0          0          0          0         80   dscalb.o
       162          0          0          0          0        100   dsqrt.o
        38          0          0          0          0         68   f2d.o
       124          0          0          0          0         88   fdiv.o
       110          0          0          0          0        168   fepilogue.o
        18          0          0          0          0         68   fflti.o
        10          0          0          0          0         68   ffltui.o
       100          0          0          0          0         76   fmul.o

    ----------------------------------------------------------------------
      8244        340        280         12          0       5004   Library Totals
        10          0          3          0          0          0   (incl. Padding)

    ----------------------------------------------------------------------

      Code (inc. data)   RO Data    RW Data    ZI Data      Debug   Library Name

      2868        200        144          0          0        912   m_ws.l
      3526        140        133         12          0       2420   mc_w.l
      1840          0          0          0          0       1672   mf_w.l

    ----------------------------------------------------------------------
      8244        340        280         12          0       5004   Library Totals

    ----------------------------------------------------------------------

==============================================================================


      Code (inc. data)   RO Data    RW Data    ZI Data      Debug   

     25458       2864       2982       2752       2840     393247   Grand Totals
     25458       2864       2982       1144       2840     393247   ELF Image Totals (compressed)
     25458       2864       2982       1144          0          0   ROM Totals

==============================================================================

    Total RO  Size (Code + RO Data)                28440 (  27.77kB)
    Total RW  Size (RW Data + ZI Data)              5592 (   5.46kB)
    Total ROM Size (Code + RO Data + RW Data)      29584 (  28.89kB)

==============================================================================

